Component: ARM Compiler 5.06 update 7 (build 960) Tool: armlink [4d3601]

==============================================================================

Section Cross References

    main.o(i.main) refers to interface.o(i.delay_init) for delay_init
    main.o(i.main) refers to interface.o(i.GPIOCLKInit) for GPIOCLKInit
    main.o(i.main) refers to interface.o(i.UserLEDInit) for UserLEDInit
    main.o(i.main) refers to interface.o(i.TIM2_Init) for TIM2_Init
    main.o(i.main) refers to motor.o(i.MotorInit) for MotorInit
    main.o(i.main) refers to interface.o(i.ServoInit) for ServoInit
    main.o(i.main) refers to usart.o(i.uart_init) for uart_init
    main.o(i.main) refers to amg_iic.o(i.AMG8833_IIC_Init) for AMG8833_IIC_Init
    main.o(i.main) refers to interface.o(i.RedRayInit) for RedRayInit
    main.o(i.main) refers to bsp_beep.o(i.BEEP_GPIO_Config) for BEEP_GPIO_Config
    main.o(i.main) refers to ld2412.o(i.LD2412_Init) for LD2412_Init
    main.o(i.main) refers to bsp_mq2.o(i.MQ2_Init) for MQ2_Init
    main.o(i.main) refers to sht30.o(i.SHT30_Init) for SHT30_Init
    main.o(i.main) refers to amg8833.o(i.AMG8833_Init) for AMG8833_Init
    main.o(i.main) refers to bsp_esp8266.o(i.ESP8266_Init) for ESP8266_Init
    main.o(i.main) refers to bsp_esp8266_test.o(i.ESP8266_StaTcpClient_Unvarnish_ConfigTest) for ESP8266_StaTcpClient_Unvarnish_ConfigTest
    main.o(i.main) refers to cfrcmple.o(.text) for __aeabi_cfrcmple
    main.o(i.main) refers to fadd.o(.text) for __aeabi_fsub
    main.o(i.main) refers to ld2412.o(i.LD2412_Read) for LD2412_Read
    main.o(i.main) refers to strcpy.o(.text) for strcpy
    main.o(i.main) refers to sht30.o(i.SHT30_read_result) for SHT30_read_result
    main.o(i.main) refers to bsp_mq2.o(i.MQ2_Get_PPM) for MQ2_Get_PPM
    main.o(i.main) refers to amg8833.o(i.amg88xx_readPixels) for amg88xx_readPixels
    main.o(i.main) refers to amg8833.o(i.format_pix_temp_to_json) for format_pix_temp_to_json
    main.o(i.main) refers to bsp_beep.o(i.BEEP_StartAlarm) for BEEP_StartAlarm
    main.o(i.main) refers to bsp_beep.o(i.BEEP_StopAlarm) for BEEP_StopAlarm
    main.o(i.main) refers to printfa.o(i.__0printf) for __2printf
    main.o(i.main) refers to f2d.o(.text) for __aeabi_f2d
    main.o(i.main) refers to function.o(i.uart_debug) for uart_debug
    main.o(i.main) refers to printfa.o(i.__0sprintf) for __2sprintf
    main.o(i.main) refers to bsp_esp8266_test.o(i.ESP8266_TransparentSend) for ESP8266_TransparentSend
    main.o(i.main) refers to main.o(.bss) for sensor_data
    main.o(i.main) refers to stm32f10x_it.o(.data) for system_ms
    main.o(i.main) refers to main.o(.data) for human_absent_start_ms
    main.o(i.main) refers to main.o(.conststring) for .conststring
    stm32f10x_gpio.o(i.GPIO_AFIODeInit) refers to stm32f10x_rcc.o(i.RCC_APB2PeriphResetCmd) for RCC_APB2PeriphResetCmd
    stm32f10x_gpio.o(i.GPIO_DeInit) refers to stm32f10x_rcc.o(i.RCC_APB2PeriphResetCmd) for RCC_APB2PeriphResetCmd
    stm32f10x_rcc.o(i.RCC_GetClocksFreq) refers to stm32f10x_rcc.o(.data) for APBAHBPrescTable
    stm32f10x_rcc.o(i.RCC_WaitForHSEStartUp) refers to stm32f10x_rcc.o(i.RCC_GetFlagStatus) for RCC_GetFlagStatus
    stm32f10x_adc.o(i.ADC_DeInit) refers to stm32f10x_rcc.o(i.RCC_APB2PeriphResetCmd) for RCC_APB2PeriphResetCmd
    stm32f10x_bkp.o(i.BKP_DeInit) refers to stm32f10x_rcc.o(i.RCC_BackupResetCmd) for RCC_BackupResetCmd
    stm32f10x_can.o(i.CAN_DeInit) refers to stm32f10x_rcc.o(i.RCC_APB1PeriphResetCmd) for RCC_APB1PeriphResetCmd
    stm32f10x_can.o(i.CAN_GetITStatus) refers to stm32f10x_can.o(i.CheckITStatus) for CheckITStatus
    stm32f10x_cec.o(i.CEC_DeInit) refers to stm32f10x_rcc.o(i.RCC_APB1PeriphResetCmd) for RCC_APB1PeriphResetCmd
    stm32f10x_dac.o(i.DAC_DeInit) refers to stm32f10x_rcc.o(i.RCC_APB1PeriphResetCmd) for RCC_APB1PeriphResetCmd
    stm32f10x_flash.o(i.FLASH_EnableWriteProtection) refers to stm32f10x_flash.o(i.FLASH_WaitForLastOperation) for FLASH_WaitForLastOperation
    stm32f10x_flash.o(i.FLASH_EraseAllBank1Pages) refers to stm32f10x_flash.o(i.FLASH_WaitForLastBank1Operation) for FLASH_WaitForLastBank1Operation
    stm32f10x_flash.o(i.FLASH_EraseAllPages) refers to stm32f10x_flash.o(i.FLASH_WaitForLastOperation) for FLASH_WaitForLastOperation
    stm32f10x_flash.o(i.FLASH_EraseOptionBytes) refers to stm32f10x_flash.o(i.FLASH_GetReadOutProtectionStatus) for FLASH_GetReadOutProtectionStatus
    stm32f10x_flash.o(i.FLASH_EraseOptionBytes) refers to stm32f10x_flash.o(i.FLASH_WaitForLastOperation) for FLASH_WaitForLastOperation
    stm32f10x_flash.o(i.FLASH_ErasePage) refers to stm32f10x_flash.o(i.FLASH_WaitForLastOperation) for FLASH_WaitForLastOperation
    stm32f10x_flash.o(i.FLASH_ProgramHalfWord) refers to stm32f10x_flash.o(i.FLASH_WaitForLastOperation) for FLASH_WaitForLastOperation
    stm32f10x_flash.o(i.FLASH_ProgramOptionByteData) refers to stm32f10x_flash.o(i.FLASH_WaitForLastOperation) for FLASH_WaitForLastOperation
[...]
    Libraries\STM32F10x_StdPeriph_Driver\src\stm32f10x_spi.c 0x00000000   Number         0  stm32f10x_spi.o ABSOLUTE
    Libraries\STM32F10x_StdPeriph_Driver\src\stm32f10x_tim.c 0x00000000   Number         0  stm32f10x_tim.o ABSOLUTE
    Libraries\STM32F10x_StdPeriph_Driver\src\stm32f10x_usart.c 0x00000000   Number         0  stm32f10x_usart.o ABSOLUTE
    Libraries\STM32F10x_StdPeriph_Driver\src\stm32f10x_wwdg.c 0x00000000   Number         0  stm32f10x_wwdg.o ABSOLUTE
    Libraries\\CMSIS\\core_cm3.c             0x00000000   Number         0  core_cm3.o ABSOLUTE
    User\main.c                              0x00000000   Number         0  main.o ABSOLUTE
    cdcmple.s                                0x00000000   Number         0  cdcmple.o ABSOLUTE
    cdrcmple.s                               0x00000000   Number         0  cdrcmple.o ABSOLUTE
    cfcmple.s                                0x00000000   Number         0  cfcmple.o ABSOLUTE
    cfrcmple.s                               0x00000000   Number         0  cfrcmple.o ABSOLUTE
    dc.s                                     0x00000000   Number         0  dc.o ABSOLUTE
    handlers.s                               0x00000000   Number         0  handlers.o ABSOLUTE
    init.s                                   0x00000000   Number         0  init.o ABSOLUTE
    RESET                                    0x08000000   Section      304  startup_stm32f10x_hd.o(RESET)
    .ARM.Collect$$$$00000000                 0x08000130   Section        0  entry.o(.ARM.Collect$$$$00000000)
    .ARM.Collect$$$$00000001                 0x08000130   Section        4  entry2.o(.ARM.Collect$$$$00000001)
    .ARM.Collect$$$$00000004                 0x08000134   Section        4  entry5.o(.ARM.Collect$$$$00000004)
    .ARM.Collect$$$$00000008                 0x08000138   Section        0  entry7b.o(.ARM.Collect$$$$00000008)
    .ARM.Collect$$$$0000000A                 0x08000138   Section        0  entry8b.o(.ARM.Collect$$$$0000000A)
    .ARM.Collect$$$$0000000B                 0x08000138   Section        8  entry9a.o(.ARM.Collect$$$$0000000B)
    .ARM.Collect$$$$0000000E                 0x08000140   Section        4  entry12b.o(.ARM.Collect$$$$0000000E)
    .ARM.Collect$$$$0000000F                 0x08000144   Section        0  entry10a.o(.ARM.Collect$$$$0000000F)
    .ARM.Collect$$$$00000011                 0x08000144   Section        0  entry11a.o(.ARM.Collect$$$$00000011)
    .ARM.Collect$$$$00002712                 0x08000144   Section        4  entry2.o(.ARM.Collect$$$$00002712)
    __lit__00000000                          0x08000144   Data           4  entry2.o(.ARM.Collect$$$$00002712)
    .text                                    0x08000148   Section       36  startup_stm32f10x_hd.o(.text)
    .text                                    0x0800016c   Section        0  memseta.o(.text)
    .text                                    0x08000190   Section        0  strstr.o(.text)
    .text                                    0x080001b4   Section        0  strcpy.o(.text)
    .text                                    0x080001c6   Section        0  fadd.o(.text)
    .text                                    0x08000276   Section        0  fmul.o(.text)
    .text                                    0x080002da   Section        0  fdiv.o(.text)
    .text                                    0x08000356   Section        0  dadd.o(.text)
    .text                                    0x080004a4   Section        0  dmul.o(.text)
    .text                                    0x08000588   Section        0  ddiv.o(.text)
    .text                                    0x08000666   Section        0  fflti.o(.text)
    .text                                    0x08000678   Section        0  ffltui.o(.text)
    .text                                    0x08000682   Section        0  dflti.o(.text)
    .text                                    0x080006a4   Section        0  f2d.o(.text)
    .text                                    0x080006ca   Section        0  d2f.o(.text)
    .text                                    0x08000704   Section       20  cfcmple.o(.text)
    .text                                    0x08000718   Section       20  cfrcmple.o(.text)
    .text                                    0x0800072c   Section        0  uidiv.o(.text)
    .text                                    0x08000758   Section        0  uldiv.o(.text)
    .text                                    0x080007ba   Section        0  llshl.o(.text)
    .text                                    0x080007d8   Section        0  llsshr.o(.text)
    .text                                    0x080007fc   Section        0  fepilogue.o(.text)
    .text                                    0x080007fc   Section        0  iusefp.o(.text)
    .text                                    0x0800086a   Section        0  depilogue.o(.text)
    .text                                    0x08000924   Section        0  dscalb.o(.text)
    .text                                    0x08000952   Section        0  dfixul.o(.text)
    .text                                    0x08000984   Section       48  cdrcmple.o(.text)
    .text                                    0x080009b4   Section       36  init.o(.text)
    .text                                    0x080009d8   Section        0  llushr.o(.text)
    .text                                    0x080009f8   Section        0  dsqrt.o(.text)
    i.ADC1_2_IRQHandler                      0x08000a9c   Section        0  bsp_mq2.o(i.ADC1_2_IRQHandler)
    i.ADC_ClearITPendingBit                  0x08000acc   Section        0  stm32f10x_adc.o(i.ADC_ClearITPendingBit)
    i.ADC_Cmd                                0x08000ad6   Section        0  stm32f10x_adc.o(i.ADC_Cmd)
    i.ADC_GetCalibrationStatus               0x08000aec   Section        0  stm32f10x_adc.o(i.ADC_GetCalibrationStatus)
    i.ADC_GetConversionValue                 0x08000b00   Section        0  stm32f10x_adc.o(i.ADC_GetConversionValue)
    i.ADC_GetITStatus                        0x08000b08   Section        0  stm32f10x_adc.o(i.ADC_GetITStatus)
    i.ADC_GetResetCalibrationStatus          0x08000b2c   Section        0  stm32f10x_adc.o(i.ADC_GetResetCalibrationStatus)
    i.ADC_ITConfig                           0x08000b40   Section        0  stm32f10x_adc.o(i.ADC_ITConfig)
    i.ADC_Init                               0x08000b58   Section        0  stm32f10x_adc.o(i.ADC_Init)
    i.ADC_RegularChannelConfig               0x08000ba8   Section        0  stm32f10x_adc.o(i.ADC_RegularChannelConfig)
    i.ADC_ResetCalibration                   0x08000c60   Section        0  stm32f10x_adc.o(i.ADC_ResetCalibration)
    i.ADC_SoftwareStartConvCmd               0x08000c6a   Section        0  stm32f10x_adc.o(i.ADC_SoftwareStartConvCmd)
    i.ADC_StartCalibration                   0x08000c80   Section        0  stm32f10x_adc.o(i.ADC_StartCalibration)
    i.AMG8833_IIC_Init                       0x08000c8c   Section        0  amg_iic.o(i.AMG8833_IIC_Init)
    i.AMG8833_Init                           0x08000ce8   Section        0  amg8833.o(i.AMG8833_Init)
    i.AMG_I2C_Read_nByte                     0x08000d0e   Section        0  amg_iic.o(i.AMG_I2C_Read_nByte)
    i.AMG_IIC_Ack                            0x08000d7c   Section        0  amg_iic.o(i.AMG_IIC_Ack)
    i.AMG_IIC_NAck                           0x08000dcc   Section        0  amg_iic.o(i.AMG_IIC_NAck)
    i.AMG_IIC_Read_Byte                      0x08000e1c   Section        0  amg_iic.o(i.AMG_IIC_Read_Byte)
    i.AMG_IIC_Send_Byte                      0x08000e98   Section        0  amg_iic.o(i.AMG_IIC_Send_Byte)
    i.AMG_IIC_Start                          0x08000f0c   Section        0  amg_iic.o(i.AMG_IIC_Start)
    i.AMG_IIC_Stop                           0x08000f58   Section        0  amg_iic.o(i.AMG_IIC_Stop)
    i.AMG_IIC_Wait_Ack                       0x08000fa4   Section        0  amg_iic.o(i.AMG_IIC_Wait_Ack)
    i.AMG_IIC_Write_1Byte                    0x08001008   Section        0  amg_iic.o(i.AMG_IIC_Write_1Byte)
    i.BEEP_GPIO_Config                       0x0800104c   Section        0  bsp_beep.o(i.BEEP_GPIO_Config)
    i.BEEP_IRQHandler                        0x08001080   Section        0  bsp_beep.o(i.BEEP_IRQHandler)
    i.BEEP_StartAlarm                        0x08001120   Section        0  bsp_beep.o(i.BEEP_StartAlarm)
    i.BEEP_StopAlarm                         0x08001178   Section        0  bsp_beep.o(i.BEEP_StopAlarm)
    i.BusFault_Handler                       0x080011a0   Section        0  stm32f10x_it.o(i.BusFault_Handler)
    i.CarMove                                0x080011a4   Section        0  motor.o(i.CarMove)
    i.CarStop                                0x080012f8   Section        0  motor.o(i.CarStop)
    i.DebugMon_Handler                       0x0800130c   Section        0  stm32f10x_it.o(i.DebugMon_Handler)
    i.DelayIr                                0x0800130e   Section        0  irctrol.o(i.DelayIr)
    i.DelayUs                                0x08001328   Section        0  irctrol.o(i.DelayUs)
    i.Delay_us                               0x0800135c   Section        0  interface.o(i.Delay_us)
    i.Delayms                                0x0800138c   Section        0  interface.o(i.Delayms)
    i.ESP8266_AT_Test                        0x080013a4   Section        0  bsp_esp8266.o(i.ESP8266_AT_Test)
    i.ESP8266_Cmd                            0x08001444   Section        0  bsp_esp8266.o(i.ESP8266_Cmd)
    i.ESP8266_Enable_MultipleId              0x0800151c   Section        0  bsp_esp8266.o(i.ESP8266_Enable_MultipleId)
    i.ESP8266_GPIO_Config                    0x0800155c   Section        0  bsp_esp8266.o(i.ESP8266_GPIO_Config)
    ESP8266_GPIO_Config                      0x0800155d   Thumb Code    58  bsp_esp8266.o(i.ESP8266_GPIO_Config)
    i.ESP8266_Init                           0x0800159c   Section        0  bsp_esp8266.o(i.ESP8266_Init)
    i.ESP8266_JoinAP                         0x080015bc   Section        0  bsp_esp8266.o(i.ESP8266_JoinAP)
    i.ESP8266_Link_Server                    0x080015fc   Section        0  bsp_esp8266.o(i.ESP8266_Link_Server)
    i.ESP8266_Net_Mode_Choose                0x080016bc   Section        0  bsp_esp8266.o(i.ESP8266_Net_Mode_Choose)
    i.ESP8266_Rst                            0x08001734   Section        0  bsp_esp8266.o(i.ESP8266_Rst)
    i.ESP8266_StaTcpClient_Unvarnish_ConfigTest 0x08001754   Section        0  bsp_esp8266_test.o(i.ESP8266_StaTcpClient_Unvarnish_ConfigTest)
    i.ESP8266_TransparentSend                0x08001944   Section        0  bsp_esp8266_test.o(i.ESP8266_TransparentSend)
    i.ESP8266_USART_Config                   0x0800195c   Section        0  bsp_esp8266.o(i.ESP8266_USART_Config)
    ESP8266_USART_Config                     0x0800195d   Thumb Code   148  bsp_esp8266.o(i.ESP8266_USART_Config)
    i.ESP8266_USART_NVIC_Configuration       0x080019f8   Section        0  bsp_esp8266.o(i.ESP8266_USART_NVIC_Configuration)
    ESP8266_USART_NVIC_Configuration         0x080019f9   Thumb Code    40  bsp_esp8266.o(i.ESP8266_USART_NVIC_Configuration)
    i.ESP8266_UnvarnishSend                  0x08001a20   Section        0  bsp_esp8266.o(i.ESP8266_UnvarnishSend)
    i.EXTI15_10_IRQHandler                   0x08001a6c   Section        0  stm32f10x_it.o(i.EXTI15_10_IRQHandler)
    i.EXTI_ClearITPendingBit                 0x08001a88   Section        0  stm32f10x_exti.o(i.EXTI_ClearITPendingBit)
    i.EXTI_GetITStatus                       0x08001a94   Section        0  stm32f10x_exti.o(i.EXTI_GetITStatus)
    i.GPIOCLKInit                            0x08001abc   Section        0  interface.o(i.GPIOCLKInit)
    i.GPIO_Init                              0x08001af8   Section        0  stm32f10x_gpio.o(i.GPIO_Init)
    i.GPIO_ReadInputDataBit                  0x08001c0e   Section        0  stm32f10x_gpio.o(i.GPIO_ReadInputDataBit)
    i.GPIO_ReadOutputDataBit                 0x08001c20   Section        0  stm32f10x_gpio.o(i.GPIO_ReadOutputDataBit)
    i.GPIO_ResetBits                         0x08001c32   Section        0  stm32f10x_gpio.o(i.GPIO_ResetBits)
    i.GPIO_SetBits                           0x08001c36   Section        0  stm32f10x_gpio.o(i.GPIO_SetBits)
    i.GPIO_WriteBit                          0x08001c3a   Section        0  stm32f10x_gpio.o(i.GPIO_WriteBit)
    i.HardFault_Handler                      0x08001c44   Section        0  stm32f10x_it.o(i.HardFault_Handler)
    i.IIC_ACK                                0x08001c48   Section        0  sht30.o(i.IIC_ACK)
    i.IIC_NACK                               0x08001c9c   Section        0  sht30.o(i.IIC_NACK)
    i.IIC_RcvByte                            0x08001cf0   Section        0  sht30.o(i.IIC_RcvByte)
    i.IIC_SendByte                           0x08001d5c   Section        0  sht30.o(i.IIC_SendByte)
    i.IIC_Start                              0x08001dd4   Section        0  sht30.o(i.IIC_Start)
    i.IIC_Stop                               0x08001e1c   Section        0  sht30.o(i.IIC_Stop)
    i.IIC_wait_ACK                           0x08001e64   Section        0  sht30.o(i.IIC_wait_ACK)
    i.IRIntIsr                               0x08001ef8   Section        0  irctrol.o(i.IRIntIsr)
    i.LD2412_Init                            0x08002024   Section        0  ld2412.o(i.LD2412_Init)
    i.LD2412_Read                            0x0800204c   Section        0  ld2412.o(i.LD2412_Read)
    i.MQ2_ADC_Mode_Config                    0x08002080   Section        0  bsp_mq2.o(i.MQ2_ADC_Mode_Config)
    MQ2_ADC_Mode_Config                      0x08002081   Thumb Code   138  bsp_mq2.o(i.MQ2_ADC_Mode_Config)
    i.MQ2_ADC_NVIC_Config                    0x08002110   Section        0  bsp_mq2.o(i.MQ2_ADC_NVIC_Config)
    MQ2_ADC_NVIC_Config                      0x08002111   Thumb Code    38  bsp_mq2.o(i.MQ2_ADC_NVIC_Config)
    i.MQ2_GPIO_Config                        0x08002138   Section        0  bsp_mq2.o(i.MQ2_GPIO_Config)
    MQ2_GPIO_Config                          0x08002139   Thumb Code    60  bsp_mq2.o(i.MQ2_GPIO_Config)
    i.MQ2_Get_PPM                            0x0800217c   Section        0  bsp_mq2.o(i.MQ2_Get_PPM)
    i.MQ2_Init                               0x08002250   Section        0  bsp_mq2.o(i.MQ2_Init)
    i.MemManage_Handler                      0x08002260   Section        0  stm32f10x_it.o(i.MemManage_Handler)
    i.MotorGPIO_Configuration                0x08002264   Section        0  motor.o(i.MotorGPIO_Configuration)
    i.MotorInit                              0x080022f8   Section        0  motor.o(i.MotorInit)
    i.NMI_Handler                            0x08002304   Section        0  stm32f10x_it.o(i.NMI_Handler)
    i.NVIC_Init                              0x08002308   Section        0  misc.o(i.NVIC_Init)
    i.NVIC_PriorityGroupConfig               0x08002378   Section        0  misc.o(i.NVIC_PriorityGroupConfig)
    i.NVIC_TIM2Configuration                 0x0800238c   Section        0  interface.o(i.NVIC_TIM2Configuration)
    NVIC_TIM2Configuration                   0x0800238d   Thumb Code    32  interface.o(i.NVIC_TIM2Configuration)
    i.PendSV_Handler                         0x080023ac   Section        0  stm32f10x_it.o(i.PendSV_Handler)
    i.RCC_ADCCLKConfig                       0x080023b0   Section        0  stm32f10x_rcc.o(i.RCC_ADCCLKConfig)
    i.RCC_APB1PeriphClockCmd                 0x080023c8   Section        0  stm32f10x_rcc.o(i.RCC_APB1PeriphClockCmd)
    i.RCC_APB2PeriphClockCmd                 0x080023e8   Section        0  stm32f10x_rcc.o(i.RCC_APB2PeriphClockCmd)
    i.RCC_GetClocksFreq                      0x08002408   Section        0  stm32f10x_rcc.o(i.RCC_GetClocksFreq)
    i.RedRayInit                             0x080024dc   Section        0  interface.o(i.RedRayInit)
    i.SHT30_Init                             0x0800256c   Section        0  sht30.o(i.SHT30_Init)
    i.SHT30_read_result                      0x080025b4   Section        0  sht30.o(i.SHT30_read_result)
    i.SVC_Handler                            0x08002780   Section        0  stm32f10x_it.o(i.SVC_Handler)
    i.ServoInit                              0x08002784   Section        0  interface.o(i.ServoInit)
    i.SetSysClock                            0x080027b0   Section        0  system_stm32f10x.o(i.SetSysClock)
    SetSysClock                              0x080027b1   Thumb Code     8  system_stm32f10x.o(i.SetSysClock)
    i.SetSysClockTo72                        0x080027b8   Section        0  system_stm32f10x.o(i.SetSysClockTo72)
    SetSysClockTo72                          0x080027b9   Thumb Code   214  system_stm32f10x.o(i.SetSysClockTo72)
    i.SysTick_Handler                        0x08002898   Section        0  stm32f10x_it.o(i.SysTick_Handler)
    i.SystemInit                             0x0800289c   Section        0  system_stm32f10x.o(i.SystemInit)
    i.TIM2_IRQHandler                        0x080028f0   Section        0  stm32f10x_it.o(i.TIM2_IRQHandler)
    i.TIM2_Init                              0x0800295c   Section        0  interface.o(i.TIM2_Init)
    i.TIM3_IRQHandler                        0x080029a6   Section        0  stm32f10x_it.o(i.TIM3_IRQHandler)
    i.TIM3_Init                              0x080029b0   Section        0  bsp_beep.o(i.TIM3_Init)
    TIM3_Init                                0x080029b1   Thumb Code   100  bsp_beep.o(i.TIM3_Init)
    i.TIM_ClearITPendingBit                  0x08002a18   Section        0  stm32f10x_tim.o(i.TIM_ClearITPendingBit)
    i.TIM_Cmd                                0x08002a1e   Section        0  stm32f10x_tim.o(i.TIM_Cmd)
    i.TIM_GetCounter                         0x08002a36   Section        0  stm32f10x_tim.o(i.TIM_GetCounter)
    i.TIM_GetITStatus                        0x08002a3c   Section        0  stm32f10x_tim.o(i.TIM_GetITStatus)
    i.TIM_ITConfig                           0x08002a5e   Section        0  stm32f10x_tim.o(i.TIM_ITConfig)
    i.TIM_SetCounter                         0x08002a70   Section        0  stm32f10x_tim.o(i.TIM_SetCounter)
    i.TIM_TimeBaseInit                       0x08002a74   Section        0  stm32f10x_tim.o(i.TIM_TimeBaseInit)
    i.USART1_IRQHandler                      0x08002b18   Section        0  usart.o(i.USART1_IRQHandler)
    i.USART3_IRQHandler                      0x08002ba0   Section        0  stm32f10x_it.o(i.USART3_IRQHandler)
    i.USART_Cmd                              0x08002c40   Section        0  stm32f10x_usart.o(i.USART_Cmd)
    i.USART_GetFlagStatus                    0x08002c58   Section        0  stm32f10x_usart.o(i.USART_GetFlagStatus)
    i.USART_GetITStatus                      0x08002c72   Section        0  stm32f10x_usart.o(i.USART_GetITStatus)
    i.USART_ITConfig                         0x08002cc6   Section        0  stm32f10x_usart.o(i.USART_ITConfig)
    i.USART_Init                             0x08002d10   Section        0  stm32f10x_usart.o(i.USART_Init)
    i.USART_ReceiveData                      0x08002de8   Section        0  stm32f10x_usart.o(i.USART_ReceiveData)
    i.USART_SendData                         0x08002df2   Section        0  stm32f10x_usart.o(i.USART_SendData)
    i.USART_printf                           0x08002dfa   Section        0  common.o(i.USART_printf)
    i.UsageFault_Handler                     0x08002f0e   Section        0  stm32f10x_it.o(i.UsageFault_Handler)
    i.UserLEDInit                            0x08002f14   Section        0  interface.o(i.UserLEDInit)
    i.__0printf                              0x08002f40   Section        0  printfa.o(i.__0printf)
    i.__0snprintf                            0x08002f60   Section        0  printfa.o(i.__0snprintf)
    i.__0sprintf                             0x08002f94   Section        0  printfa.o(i.__0sprintf)
    i.__ARM_fpclassify                       0x08002fbc   Section        0  fpclassify.o(i.__ARM_fpclassify)
    i.__kernel_poly                          0x08002fe4   Section        0  poly.o(i.__kernel_poly)
    i.__mathlib_dbl_divzero                  0x08003090   Section        0  dunder.o(i.__mathlib_dbl_divzero)
    i.__mathlib_dbl_infnan2                  0x080030a0   Section        0  dunder.o(i.__mathlib_dbl_infnan2)
    i.__mathlib_dbl_invalid                  0x080030a4   Section        0  dunder.o(i.__mathlib_dbl_invalid)
    i.__mathlib_dbl_overflow                 0x080030b0   Section        0  dunder.o(i.__mathlib_dbl_overflow)
    i.__mathlib_dbl_underflow                0x080030c0   Section        0  dunder.o(i.__mathlib_dbl_underflow)
    i.__scatterload_copy                     0x080030d0   Section       14  handlers.o(i.__scatterload_copy)
    i.__scatterload_null                     0x080030de   Section        2  handlers.o(i.__scatterload_null)
    i.__scatterload_zeroinit                 0x080030e0   Section       14  handlers.o(i.__scatterload_zeroinit)
    i.__set_errno                            0x080030f0   Section        0  errno.o(i.__set_errno)
    i._fp_digits                             0x080030fc   Section        0  printfa.o(i._fp_digits)
    _fp_digits                               0x080030fd   Thumb Code   366  printfa.o(i._fp_digits)
    i._printf_core                           0x08003280   Section        0  printfa.o(i._printf_core)
    _printf_core                             0x08003281   Thumb Code  1704  printfa.o(i._printf_core)
    i._printf_post_padding                   0x08003934   Section        0  printfa.o(i._printf_post_padding)
    _printf_post_padding                     0x08003935   Thumb Code    36  printfa.o(i._printf_post_padding)
    i._printf_pre_padding                    0x08003958   Section        0  printfa.o(i._printf_pre_padding)
    _printf_pre_padding                      0x08003959   Thumb Code    46  printfa.o(i._printf_pre_padding)
    i._snputc                                0x08003986   Section        0  printfa.o(i._snputc)
    _snputc                                  0x08003987   Thumb Code    22  printfa.o(i._snputc)
    i._sputc                                 0x0800399c   Section        0  printfa.o(i._sputc)
    _sputc                                   0x0800399d   Thumb Code    10  printfa.o(i._sputc)
    i.amg88xx_readPixels                     0x080039a6   Section        0  amg8833.o(i.amg88xx_readPixels)
    i.delay_init                             0x08003a02   Section        0  interface.o(i.delay_init)
    i.format_pix_temp_to_json                0x08003a14   Section        0  amg8833.o(i.format_pix_temp_to_json)
    i.fputc                                  0x08003acc   Section        0  usart.o(i.fputc)
    i.itoa                                   0x08003ae8   Section        0  common.o(i.itoa)
    itoa                                     0x08003ae9   Thumb Code   100  common.o(i.itoa)
    i.main                                   0x08003b4c   Section        0  main.o(i.main)
    i.pow                                    0x08003ff0   Section        0  pow.o(i.pow)
    i.signedMag12ToFloat                     0x080049c8   Section        0  amg8833.o(i.signedMag12ToFloat)
    i.sqrt                                   0x080049e0   Section        0  sqrt.o(i.sqrt)
    i.uart_debug                             0x08004a2c   Section        0  function.o(i.uart_debug)
    i.uart_init                              0x08004ba4   Section        0  usart.o(i.uart_init)
    i.update_half_period_ticks               0x08004c44   Section        0  bsp_beep.o(i.update_half_period_ticks)
    update_half_period_ticks                 0x08004c45   Thumb Code    50  bsp_beep.o(i.update_half_period_ticks)
    .constdata                               0x08004c88   Section      136  pow.o(.constdata)
    bp                                       0x08004c88   Data          16  pow.o(.constdata)
    dp_h                                     0x08004c98   Data          16  pow.o(.constdata)
    dp_l                                     0x08004ca8   Data          16  pow.o(.constdata)
    L                                        0x08004cb8   Data          48  pow.o(.constdata)
    P                                        0x08004ce8   Data          40  pow.o(.constdata)
    .constdata                               0x08004d10   Section        8  qnan.o(.constdata)
    .conststring                             0x08004d18   Section      161  main.o(.conststring)
    .data                                    0x20000000   Section       26  main.o(.data)
    .data                                    0x2000001a   Section       20  stm32f10x_rcc.o(.data)
    APBAHBPrescTable                         0x2000001a   Data          16  stm32f10x_rcc.o(.data)
    ADCPrescTable                            0x2000002a   Data           4  stm32f10x_rcc.o(.data)
    .data                                    0x2000002e   Section        5  irctrol.o(.data)
    .data                                    0x20000034   Section        4  stm32f10x_it.o(.data)
    .data                                    0x20000038   Section        6  usart.o(.data)
    .data                                    0x20000040   Section       16  bsp_mq2.o(.data)
    .data                                    0x20000050   Section        1  bsp_esp8266_test.o(.data)
    .data                                    0x20000054   Section       18  bsp_beep.o(.data)
    timer_inited                             0x20000054   Data           1  bsp_beep.o(.data)
    tone_switch_counter                      0x20000058   Data           4  bsp_beep.o(.data)
    half_period_counter                      0x2000005c   Data           4  bsp_beep.o(.data)
    half_period_ticks                        0x20000060   Data           4  bsp_beep.o(.data)
    current_tone                             0x20000064   Data           1  bsp_beep.o(.data)
    alarm_running                            0x20000065   Data           1  bsp_beep.o(.data)
    .data                                    0x20000068   Section        4  errno.o(.data)
    _errno                                   0x20000068   Data           4  errno.o(.data)
    .bss                                     0x2000006c   Section     1064  main.o(.bss)
    .bss                                     0x20000494   Section      200  usart.o(.bss)
    .bss                                     0x2000055c   Section       56  sht30.o(.bss)
    .bss                                     0x20000594   Section     2052  bsp_esp8266.o(.bss)
    STACK                                    0x20000d98   Section     1024  startup_stm32f10x_hd.o(STACK)

    Global Symbols

    Symbol Name                              Value     Ov Type        Size  Object(Section)

    BuildAttributes$$THM_ISAv4$P$D$K$B$S$PE$A:L22UL41UL21$X:L11$S22US41US21$IEEE1$IW$USESV6$~STKCKD$USESV7$~SHL$OTIME$ROPI$IEEEX$EBA8$MICROLIB$REQ8$PRES8$EABIv2 0x00000000   Number         0  anon$$obj.o ABSOLUTE
    __ARM_use_no_argv                        0x00000000   Number         0  main.o ABSOLUTE
    __use_no_errno                           0x00000000   Number         0  useno.o ABSOLUTE
    __use_no_exception_handling              0x00000000   Number         0  useno.o ABSOLUTE
    __use_no_fp                              0x00000000   Number         0  useno.o ABSOLUTE
    __use_no_heap                            0x00000000   Number         0  useno.o ABSOLUTE
    __use_no_heap_region                     0x00000000   Number         0  useno.o ABSOLUTE
    __use_no_semihosting                     0x00000000   Number         0  useno.o ABSOLUTE
    __use_no_semihosting_swi                 0x00000000   Number         0  useno.o ABSOLUTE
    __use_no_signal_handling                 0x00000000   Number         0  useno.o ABSOLUTE
    _printf_a                                0x00000000   Number         0  stubs.o ABSOLUTE
    _printf_c                                0x00000000   Number         0  stubs.o ABSOLUTE
    _printf_charcount                        0x00000000   Number         0  stubs.o ABSOLUTE
    _printf_d                                0x00000000   Number         0  stubs.o ABSOLUTE
    _printf_e                                0x00000000   Number         0  stubs.o ABSOLUTE
    _printf_f                                0x00000000   Number         0  stubs.o ABSOLUTE
    _printf_flags                            0x00000000   Number         0  stubs.o ABSOLUTE
    _printf_fp_dec                           0x00000000   Number         0  stubs.o ABSOLUTE
    _printf_fp_hex                           0x00000000   Number         0  stubs.o ABSOLUTE
    _printf_g                                0x00000000   Number         0  stubs.o ABSOLUTE
    _printf_i                                0x00000000   Number         0  stubs.o ABSOLUTE
    _printf_int_dec                          0x00000000   Number         0  stubs.o ABSOLUTE
    _printf_l                                0x00000000   Number         0  stubs.o ABSOLUTE
    _printf_lc                               0x00000000   Number         0  stubs.o ABSOLUTE
    _printf_ll                               0x00000000   Number         0  stubs.o ABSOLUTE
    _printf_lld                              0x00000000   Number         0  stubs.o ABSOLUTE
    _printf_lli                              0x00000000   Number         0  stubs.o ABSOLUTE
    _printf_llo                              0x00000000   Number         0  stubs.o ABSOLUTE
    _printf_llu                              0x00000000   Number         0  stubs.o ABSOLUTE
    _printf_llx                              0x00000000   Number         0  stubs.o ABSOLUTE
    _printf_longlong_dec                     0x00000000   Number         0  stubs.o ABSOLUTE
    _printf_longlong_hex                     0x00000000   Number         0  stubs.o ABSOLUTE
    _printf_longlong_oct                     0x00000000   Number         0  stubs.o ABSOLUTE
    _printf_ls                               0x00000000   Number         0  stubs.o ABSOLUTE
    _printf_mbtowc                           0x00000000   Number         0  stubs.o ABSOLUTE
    _printf_n                                0x00000000   Number         0  stubs.o ABSOLUTE
    _printf_o                                0x00000000   Number         0  stubs.o ABSOLUTE
    _printf_p                                0x00000000   Number         0  stubs.o ABSOLUTE
    _printf_percent                          0x00000000   Number         0  stubs.o ABSOLUTE
    _printf_pre_padding                      0x00000000   Number         0  stubs.o ABSOLUTE
    _printf_return_value                     0x00000000   Number         0  stubs.o ABSOLUTE
    _printf_s                                0x00000000   Number         0  stubs.o ABSOLUTE
    _printf_sizespec                         0x00000000   Number         0  stubs.o ABSOLUTE
    _printf_str                              0x00000000   Number         0  stubs.o ABSOLUTE
    _printf_truncate_signed                  0x00000000   Number         0  stubs.o ABSOLUTE
    _printf_truncate_unsigned                0x00000000   Number         0  stubs.o ABSOLUTE
    _printf_u                                0x00000000   Number         0  stubs.o ABSOLUTE
    _printf_wc                               0x00000000   Number         0  stubs.o ABSOLUTE
    _printf_wctomb                           0x00000000   Number         0  stubs.o ABSOLUTE
    _printf_widthprec                        0x00000000   Number         0  stubs.o ABSOLUTE
    _printf_x                                0x00000000   Number         0  stubs.o ABSOLUTE
    __arm_fini_                               - Undefined Weak Reference
    __cpp_initialize__aeabi_                  - Undefined Weak Reference
    __cxa_finalize                            - Undefined Weak Reference
    __decompress                              - Undefined Weak Reference
    _clock_init                               - Undefined Weak Reference
    _microlib_exit                            - Undefined Weak Reference
    __Vectors_Size                           0x00000130   Number         0  startup_stm32f10x_hd.o ABSOLUTE
    __Vectors                                0x08000000   Data           4  startup_stm32f10x_hd.o(RESET)
    __Vectors_End                            0x08000130   Data           0  startup_stm32f10x_hd.o(RESET)
    __main                                   0x08000131   Thumb Code     0  entry.o(.ARM.Collect$$$$00000000)
    _main_stk                                0x08000131   Thumb Code     0  entry2.o(.ARM.Collect$$$$00000001)
    _main_scatterload                        0x08000135   Thumb Code     0  entry5.o(.ARM.Collect$$$$00000004)
    __main_after_scatterload                 0x08000139   Thumb Code     0  entry5.o(.ARM.Collect$$$$00000004)
    _main_clock                              0x08000139   Thumb Code     0  entry7b.o(.ARM.Collect$$$$00000008)
    _main_cpp_init                           0x08000139   Thumb Code     0  entry8b.o(.ARM.Collect$$$$0000000A)
    _main_init                               0x08000139   Thumb Code     0  entry9a.o(.ARM.Collect$$$$0000000B)
    __rt_lib_shutdown_fini                   0x08000141   Thumb Code     0  entry12b.o(.ARM.Collect$$$$0000000E)
    __rt_final_cpp                           0x08000145   Thumb Code     0  entry10a.o(.ARM.Collect$$$$0000000F)
    __rt_final_exit                          0x08000145   Thumb Code     0  entry11a.o(.ARM.Collect$$$$00000011)
    Reset_Handler                            0x08000149   Thumb Code     8  startup_stm32f10x_hd.o(.text)
    ADC3_IRQHandler                          0x08000163   Thumb Code     0  startup_stm32f10x_hd.o(.text)
    CAN1_RX1_IRQHandler                      0x08000163   Thumb Code     0  startup_stm32f10x_hd.o(.text)
    CAN1_SCE_IRQHandler                      0x08000163   Thumb Code     0  startup_stm32f10x_hd.o(.text)
    DMA1_Channel1_IRQHandler                 0x08000163   Thumb Code     0  startup_stm32f10x_hd.o(.text)
    DMA1_Channel2_IRQHandler                 0x08000163   Thumb Code     0  startup_stm32f10x_hd.o(.text)
    DMA1_Channel3_IRQHandler                 0x08000163   Thumb Code     0  startup_stm32f10x_hd.o(.text)
    DMA1_Channel4_IRQHandler                 0x08000163   Thumb Code     0  startup_stm32f10x_hd.o(.text)
    DMA1_Channel5_IRQHandler                 0x08000163   Thumb Code     0  startup_stm32f10x_hd.o(.text)
    DMA1_Channel6_IRQHandler                 0x08000163   Thumb Code     0  startup_stm32f10x_hd.o(.text)
    DMA1_Channel7_IRQHandler                 0x08000163   Thumb Code     0  startup_stm32f10x_hd.o(.text)
    DMA2_Channel1_IRQHandler                 0x08000163   Thumb Code     0  startup_stm32f10x_hd.o(.text)
    DMA2_Channel2_IRQHandler                 0x08000163   Thumb Code     0  startup_stm32f10x_hd.o(.text)
    DMA2_Channel3_IRQHandler                 0x08000163   Thumb Code     0  startup_stm32f10x_hd.o(.text)
    DMA2_Channel4_5_IRQHandler               0x08000163   Thumb Code     0  startup_stm32f10x_hd.o(.text)
    EXTI0_IRQHandler                         0x08000163   Thumb Code     0  startup_stm32f10x_hd.o(.text)
    EXTI1_IRQHandler                         0x08000163   Thumb Code     0  startup_stm32f10x_hd.o(.text)
    EXTI2_IRQHandler                         0x08000163   Thumb Code     0  startup_stm32f10x_hd.o(.text)
    EXTI3_IRQHandler                         0x08000163   Thumb Code     0  startup_stm32f10x_hd.o(.text)
    EXTI4_IRQHandler                         0x08000163   Thumb Code     0  startup_stm32f10x_hd.o(.text)
    EXTI9_5_IRQHandler                       0x08000163   Thumb Code     0  startup_stm32f10x_hd.o(.text)
    FLASH_IRQHandler                         0x08000163   Thumb Code     0  startup_stm32f10x_hd.o(.text)
    FSMC_IRQHandler                          0x08000163   Thumb Code     0  startup_stm32f10x_hd.o(.text)
    I2C1_ER_IRQHandler                       0x08000163   Thumb Code     0  startup_stm32f10x_hd.o(.text)
    I2C1_EV_IRQHandler                       0x08000163   Thumb Code     0  startup_stm32f10x_hd.o(.text)
    I2C2_ER_IRQHandler                       0x08000163   Thumb Code     0  startup_stm32f10x_hd.o(.text)
    I2C2_EV_IRQHandler                       0x08000163   Thumb Code     0  startup_stm32f10x_hd.o(.text)
    PVD_IRQHandler                           0x08000163   Thumb Code     0  startup_stm32f10x_hd.o(.text)
    RCC_IRQHandler                           0x08000163   Thumb Code     0  startup_stm32f10x_hd.o(.text)
    RTCAlarm_IRQHandler                      0x08000163   Thumb Code     0  startup_stm32f10x_hd.o(.text)
    RTC_IRQHandler                           0x08000163   Thumb Code     0  startup_stm32f10x_hd.o(.text)
    SDIO_IRQHandler                          0x08000163   Thumb Code     0  startup_stm32f10x_hd.o(.text)
    SPI1_IRQHandler                          0x08000163   Thumb Code     0  startup_stm32f10x_hd.o(.text)
    SPI2_IRQHandler                          0x08000163   Thumb Code     0  startup_stm32f10x_hd.o(.text)
    SPI3_IRQHandler                          0x08000163   Thumb Code     0  startup_stm32f10x_hd.o(.text)
    TAMPER_IRQHandler                        0x08000163   Thumb Code     0  startup_stm32f10x_hd.o(.text)
    TIM1_BRK_IRQHandler                      0x08000163   Thumb Code     0  startup_stm32f10x_hd.o(.text)
    TIM1_CC_IRQHandler                       0x08000163   Thumb Code     0  startup_stm32f10x_hd.o(.text)
    TIM1_TRG_COM_IRQHandler                  0x08000163   Thumb Code     0  startup_stm32f10x_hd.o(.text)
    TIM1_UP_IRQHandler                       0x08000163   Thumb Code     0  startup_stm32f10x_hd.o(.text)
    TIM4_IRQHandler                          0x08000163   Thumb Code     0  startup_stm32f10x_hd.o(.text)
    TIM5_IRQHandler                          0x08000163   Thumb Code     0  startup_stm32f10x_hd.o(.text)
    TIM6_IRQHandler                          0x08000163   Thumb Code     0  startup_stm32f10x_hd.o(.text)
    TIM7_IRQHandler                          0x08000163   Thumb Code     0  startup_stm32f10x_hd.o(.text)
    TIM8_BRK_IRQHandler                      0x08000163   Thumb Code     0  startup_stm32f10x_hd.o(.text)
    TIM8_CC_IRQHandler                       0x08000163   Thumb Code     0  startup_stm32f10x_hd.o(.text)
    TIM8_TRG_COM_IRQHandler                  0x08000163   Thumb Code     0  startup_stm32f10x_hd.o(.text)
    TIM8_UP_IRQHandler                       0x08000163   Thumb Code     0  startup_stm32f10x_hd.o(.text)
    UART4_IRQHandler                         0x08000163   Thumb Code     0  startup_stm32f10x_hd.o(.text)
    UART5_IRQHandler                         0x08000163   Thumb Code     0  startup_stm32f10x_hd.o(.text)
    USART2_IRQHandler                        0x08000163   Thumb Code     0  startup_stm32f10x_hd.o(.text)
    USBWakeUp_IRQHandler                     0x08000163   Thumb Code     0  startup_stm32f10x_hd.o(.text)
    USB_HP_CAN1_TX_IRQHandler                0x08000163   Thumb Code     0  startup_stm32f10x_hd.o(.text)
    USB_LP_CAN1_RX0_IRQHandler               0x08000163   Thumb Code     0  startup_stm32f10x_hd.o(.text)
    WWDG_IRQHandler                          0x08000163   Thumb Code     0  startup_stm32f10x_hd.o(.text)
    __aeabi_memset                           0x0800016d   Thumb Code    14  memseta.o(.text)
    __aeabi_memset4                          0x0800016d   Thumb Code     0  memseta.o(.text)
    __aeabi_memset8                          0x0800016d   Thumb Code     0  memseta.o(.text)
    __aeabi_memclr                           0x0800017b   Thumb Code     4  memseta.o(.text)
    __aeabi_memclr4                          0x0800017b   Thumb Code     0  memseta.o(.text)
    __aeabi_memclr8                          0x0800017b   Thumb Code     0  memseta.o(.text)
    _memset$wrapper                          0x0800017f   Thumb Code    18  memseta.o(.text)
    strstr                                   0x08000191   Thumb Code    36  strstr.o(.text)
    strcpy                                   0x080001b5   Thumb Code    18  strcpy.o(.text)
    __aeabi_fadd                             0x080001c7   Thumb Code   164  fadd.o(.text)
    __aeabi_fsub                             0x0800026b   Thumb Code     6  fadd.o(.text)
    __aeabi_frsub                            0x08000271   Thumb Code     6  fadd.o(.text)
    __aeabi_fmul                             0x08000277   Thumb Code   100  fmul.o(.text)
    __aeabi_fdiv                             0x080002db   Thumb Code   124  fdiv.o(.text)
    __aeabi_dadd                             0x08000357   Thumb Code   322  dadd.o(.text)
    __aeabi_dsub                             0x08000499   Thumb Code     6  dadd.o(.text)
    __aeabi_drsub                            0x0800049f   Thumb Code     6  dadd.o(.text)
    __aeabi_dmul                             0x080004a5   Thumb Code   228  dmul.o(.text)
    __aeabi_ddiv                             0x08000589   Thumb Code   222  ddiv.o(.text)
    __aeabi_i2f                              0x08000667   Thumb Code    18  fflti.o(.text)
    __aeabi_ui2f                             0x08000679   Thumb Code    10  ffltui.o(.text)
    __aeabi_i2d                              0x08000683   Thumb Code    34  dflti.o(.text)
    __aeabi_f2d                              0x080006a5   Thumb Code    38  f2d.o(.text)
    __aeabi_d2f                              0x080006cb   Thumb Code    56  d2f.o(.text)
    __aeabi_cfcmpeq                          0x08000705   Thumb Code     0  cfcmple.o(.text)
    __aeabi_cfcmple                          0x08000705   Thumb Code    20  cfcmple.o(.text)
    __aeabi_cfrcmple                         0x08000719   Thumb Code    20  cfrcmple.o(.text)
    __aeabi_uidiv                            0x0800072d   Thumb Code     0  uidiv.o(.text)
    __aeabi_uidivmod                         0x0800072d   Thumb Code    44  uidiv.o(.text)
    __aeabi_uldivmod                         0x08000759   Thumb Code    98  uldiv.o(.text)
    __aeabi_llsl                             0x080007bb   Thumb Code    30  llshl.o(.text)
    _ll_shift_l                              0x080007bb   Thumb Code     0  llshl.o(.text)
    __aeabi_lasr                             0x080007d9   Thumb Code    36  llsshr.o(.text)
    _ll_sshift_r                             0x080007d9   Thumb Code     0  llsshr.o(.text)
    __I$use$fp                               0x080007fd   Thumb Code     0  iusefp.o(.text)
    _float_round                             0x080007fd   Thumb Code    18  fepilogue.o(.text)
    _float_epilogue                          0x0800080f   Thumb Code    92  fepilogue.o(.text)
    _double_round                            0x0800086b   Thumb Code    30  depilogue.o(.text)
    _double_epilogue                         0x08000889   Thumb Code   156  depilogue.o(.text)
    __ARM_scalbn                             0x08000925   Thumb Code    46  dscalb.o(.text)
    scalbn                                   0x08000925   Thumb Code     0  dscalb.o(.text)
    __aeabi_d2ulz                            0x08000953   Thumb Code    48  dfixul.o(.text)
    __aeabi_cdrcmple                         0x08000985   Thumb Code    48  cdrcmple.o(.text)
    __scatterload                            0x080009b5   Thumb Code    28  init.o(.text)
    __scatterload_rt2                        0x080009b5   Thumb Code     0  init.o(.text)
    __aeabi_llsr                             0x080009d9   Thumb Code    32  llushr.o(.text)
    _ll_ushift_r                             0x080009d9   Thumb Code     0  llushr.o(.text)
    _dsqrt                                   0x080009f9   Thumb Code   162  dsqrt.o(.text)
    ADC1_2_IRQHandler                        0x08000a9d   Thumb Code    38  bsp_mq2.o(i.ADC1_2_IRQHandler)
    ADC_ClearITPendingBit                    0x08000acd   Thumb Code    10  stm32f10x_adc.o(i.ADC_ClearITPendingBit)
    ADC_Cmd                                  0x08000ad7   Thumb Code    22  stm32f10x_adc.o(i.ADC_Cmd)
    ADC_GetCalibrationStatus                 0x08000aed   Thumb Code    20  stm32f10x_adc.o(i.ADC_GetCalibrationStatus)
    ADC_GetConversionValue                   0x08000b01   Thumb Code     8  stm32f10x_adc.o(i.ADC_GetConversionValue)
    ADC_GetITStatus                          0x08000b09   Thumb Code    36  stm32f10x_adc.o(i.ADC_GetITStatus)
    ADC_GetResetCalibrationStatus            0x08000b2d   Thumb Code    20  stm32f10x_adc.o(i.ADC_GetResetCalibrationStatus)
    ADC_ITConfig                             0x08000b41   Thumb Code    24  stm32f10x_adc.o(i.ADC_ITConfig)
    ADC_Init                                 0x08000b59   Thumb Code    70  stm32f10x_adc.o(i.ADC_Init)
    ADC_RegularChannelConfig                 0x08000ba9   Thumb Code   184  stm32f10x_adc.o(i.ADC_RegularChannelConfig)
    ADC_ResetCalibration                     0x08000c61   Thumb Code    10  stm32f10x_adc.o(i.ADC_ResetCalibration)
    ADC_SoftwareStartConvCmd                 0x08000c6b   Thumb Code    22  stm32f10x_adc.o(i.ADC_SoftwareStartConvCmd)
    ADC_StartCalibration                     0x08000c81   Thumb Code    10  stm32f10x_adc.o(i.ADC_StartCalibration)
    AMG8833_IIC_Init                         0x08000c8d   Thumb Code    88  amg_iic.o(i.AMG8833_IIC_Init)
    AMG8833_Init                             0x08000ce9   Thumb Code    38  amg8833.o(i.AMG8833_Init)
    AMG_I2C_Read_nByte                       0x08000d0f   Thumb Code   110  amg_iic.o(i.AMG_I2C_Read_nByte)
    AMG_IIC_Ack                              0x08000d7d   Thumb Code    66  amg_iic.o(i.AMG_IIC_Ack)
    AMG_IIC_NAck                             0x08000dcd   Thumb Code    66  amg_iic.o(i.AMG_IIC_NAck)
    AMG_IIC_Read_Byte                        0x08000e1d   Thumb Code   112  amg_iic.o(i.AMG_IIC_Read_Byte)
    AMG_IIC_Send_Byte                        0x08000e99   Thumb Code   104  amg_iic.o(i.AMG_IIC_Send_Byte)
    AMG_IIC_Start                            0x08000f0d   Thumb Code    64  amg_iic.o(i.AMG_IIC_Start)
    AMG_IIC_Stop                             0x08000f59   Thumb Code    62  amg_iic.o(i.AMG_IIC_Stop)
    AMG_IIC_Wait_Ack                         0x08000fa5   Thumb Code    86  amg_iic.o(i.AMG_IIC_Wait_Ack)
    AMG_IIC_Write_1Byte                      0x08001009   Thumb Code    66  amg_iic.o(i.AMG_IIC_Write_1Byte)
    BEEP_GPIO_Config                         0x0800104d   Thumb Code    46  bsp_beep.o(i.BEEP_GPIO_Config)
    BEEP_IRQHandler                          0x08001081   Thumb Code   130  bsp_beep.o(i.BEEP_IRQHandler)
    BEEP_StartAlarm                          0x08001121   Thumb Code    60  bsp_beep.o(i.BEEP_StartAlarm)
    BEEP_StopAlarm                           0x08001179   Thumb Code    26  bsp_beep.o(i.BEEP_StopAlarm)
    BusFault_Handler                         0x080011a1   Thumb Code     4  stm32f10x_it.o(i.BusFault_Handler)
    CarMove                                  0x080011a5   Thumb Code   316  motor.o(i.CarMove)
    CarStop                                  0x080012f9   Thumb Code    12  motor.o(i.CarStop)
    DebugMon_Handler                         0x0800130d   Thumb Code     2  stm32f10x_it.o(i.DebugMon_Handler)
    DelayIr                                  0x0800130f   Thumb Code    24  irctrol.o(i.DelayIr)
    DelayUs                                  0x08001329   Thumb Code    46  irctrol.o(i.DelayUs)
    Delay_us                                 0x0800135d   Thumb Code    48  interface.o(i.Delay_us)
    Delayms                                  0x0800138d   Thumb Code    24  interface.o(i.Delayms)
    ESP8266_AT_Test                          0x080013a5   Thumb Code    80  bsp_esp8266.o(i.ESP8266_AT_Test)
    ESP8266_Cmd                              0x08001445   Thumb Code   194  bsp_esp8266.o(i.ESP8266_Cmd)
    ESP8266_Enable_MultipleId                0x0800151d   Thumb Code    42  bsp_esp8266.o(i.ESP8266_Enable_MultipleId)
    ESP8266_Init                             0x0800159d   Thumb Code    28  bsp_esp8266.o(i.ESP8266_Init)
    ESP8266_JoinAP                           0x080015bd   Thumb Code    38  bsp_esp8266.o(i.ESP8266_JoinAP)
    ESP8266_Link_Server                      0x080015fd   Thumb Code   110  bsp_esp8266.o(i.ESP8266_Link_Server)
    ESP8266_Net_Mode_Choose                  0x080016bd   Thumb Code    68  bsp_esp8266.o(i.ESP8266_Net_Mode_Choose)
    ESP8266_Rst                              0x08001735   Thumb Code    28  bsp_esp8266.o(i.ESP8266_Rst)
    ESP8266_StaTcpClient_Unvarnish_ConfigTest 0x08001755   Thumb Code   178  bsp_esp8266_test.o(i.ESP8266_StaTcpClient_Unvarnish_ConfigTest)
    ESP8266_TransparentSend                  0x08001945   Thumb Code    16  bsp_esp8266_test.o(i.ESP8266_TransparentSend)
    ESP8266_UnvarnishSend                    0x08001a21   Thumb Code    38  bsp_esp8266.o(i.ESP8266_UnvarnishSend)
    EXTI15_10_IRQHandler                     0x08001a6d   Thumb Code    26  stm32f10x_it.o(i.EXTI15_10_IRQHandler)
    EXTI_ClearITPendingBit                   0x08001a89   Thumb Code     6  stm32f10x_exti.o(i.EXTI_ClearITPendingBit)
    EXTI_GetITStatus                         0x08001a95   Thumb Code    34  stm32f10x_exti.o(i.EXTI_GetITStatus)
    GPIOCLKInit                              0x08001abd   Thumb Code    60  interface.o(i.GPIOCLKInit)
    GPIO_Init                                0x08001af9   Thumb Code   278  stm32f10x_gpio.o(i.GPIO_Init)
    GPIO_ReadInputDataBit                    0x08001c0f   Thumb Code    18  stm32f10x_gpio.o(i.GPIO_ReadInputDataBit)
    GPIO_ReadOutputDataBit                   0x08001c21   Thumb Code    18  stm32f10x_gpio.o(i.GPIO_ReadOutputDataBit)
    GPIO_ResetBits                           0x08001c33   Thumb Code     4  stm32f10x_gpio.o(i.GPIO_ResetBits)
    GPIO_SetBits                             0x08001c37   Thumb Code     4  stm32f10x_gpio.o(i.GPIO_SetBits)
    GPIO_WriteBit                            0x08001c3b   Thumb Code    10  stm32f10x_gpio.o(i.GPIO_WriteBit)
    HardFault_Handler                        0x08001c45   Thumb Code     4  stm32f10x_it.o(i.HardFault_Handler)
    IIC_ACK                                  0x08001c49   Thumb Code    70  sht30.o(i.IIC_ACK)
    IIC_NACK                                 0x08001c9d   Thumb Code    72  sht30.o(i.IIC_NACK)
    IIC_RcvByte                              0x08001cf1   Thumb Code    94  sht30.o(i.IIC_RcvByte)
    IIC_SendByte                             0x08001d5d   Thumb Code   106  sht30.o(i.IIC_SendByte)
    IIC_Start                                0x08001dd5   Thumb Code    58  sht30.o(i.IIC_Start)
    IIC_Stop                                 0x08001e1d   Thumb Code    60  sht30.o(i.IIC_Stop)
    IIC_wait_ACK                             0x08001e65   Thumb Code   134  sht30.o(i.IIC_wait_ACK)
    IRIntIsr                                 0x08001ef9   Thumb Code   280  irctrol.o(i.IRIntIsr)
    LD2412_Init                              0x08002025   Thumb Code    34  ld2412.o(i.LD2412_Init)
    LD2412_Read                              0x0800204d   Thumb Code    46  ld2412.o(i.LD2412_Read)
    MQ2_Get_PPM                              0x0800217d   Thumb Code   166  bsp_mq2.o(i.MQ2_Get_PPM)
    MQ2_Init                                 0x08002251   Thumb Code    16  bsp_mq2.o(i.MQ2_Init)
    MemManage_Handler                        0x08002261   Thumb Code     4  stm32f10x_it.o(i.MemManage_Handler)
    MotorGPIO_Configuration                  0x08002265   Thumb Code   136  motor.o(i.MotorGPIO_Configuration)
    MotorInit                                0x080022f9   Thumb Code    12  motor.o(i.MotorInit)
    NMI_Handler                              0x08002305   Thumb Code     2  stm32f10x_it.o(i.NMI_Handler)
    NVIC_Init                                0x08002309   Thumb Code   100  misc.o(i.NVIC_Init)
    NVIC_PriorityGroupConfig                 0x08002379   Thumb Code    10  misc.o(i.NVIC_PriorityGroupConfig)
    PendSV_Handler                           0x080023ad   Thumb Code     2  stm32f10x_it.o(i.PendSV_Handler)
    RCC_ADCCLKConfig                         0x080023b1   Thumb Code    18  stm32f10x_rcc.o(i.RCC_ADCCLKConfig)
    RCC_APB1PeriphClockCmd                   0x080023c9   Thumb Code    26  stm32f10x_rcc.o(i.RCC_APB1PeriphClockCmd)
    RCC_APB2PeriphClockCmd                   0x080023e9   Thumb Code    26  stm32f10x_rcc.o(i.RCC_APB2PeriphClockCmd)
    RCC_GetClocksFreq                        0x08002409   Thumb Code   192  stm32f10x_rcc.o(i.RCC_GetClocksFreq)
    RedRayInit                               0x080024dd   Thumb Code   136  interface.o(i.RedRayInit)
    SHT30_Init                               0x0800256d   Thumb Code    54  sht30.o(i.SHT30_Init)
    SHT30_read_result                        0x080025b5   Thumb Code   408  sht30.o(i.SHT30_read_result)
    SVC_Handler                              0x08002781   Thumb Code     2  stm32f10x_it.o(i.SVC_Handler)
    ServoInit                                0x08002785   Thumb Code    38  interface.o(i.ServoInit)
    SysTick_Handler                          0x08002899   Thumb Code     2  stm32f10x_it.o(i.SysTick_Handler)
    SystemInit                               0x0800289d   Thumb Code    70  system_stm32f10x.o(i.SystemInit)
    TIM2_IRQHandler                          0x080028f1   Thumb Code    92  stm32f10x_it.o(i.TIM2_IRQHandler)
    TIM2_Init                                0x0800295d   Thumb Code    74  interface.o(i.TIM2_Init)
    TIM3_IRQHandler                          0x080029a7   Thumb Code     8  stm32f10x_it.o(i.TIM3_IRQHandler)
    TIM_ClearITPendingBit                    0x08002a19   Thumb Code     6  stm32f10x_tim.o(i.TIM_ClearITPendingBit)
    TIM_Cmd                                  0x08002a1f   Thumb Code    24  stm32f10x_tim.o(i.TIM_Cmd)
    TIM_GetCounter                           0x08002a37   Thumb Code     6  stm32f10x_tim.o(i.TIM_GetCounter)
    TIM_GetITStatus                          0x08002a3d   Thumb Code    34  stm32f10x_tim.o(i.TIM_GetITStatus)
    TIM_ITConfig                             0x08002a5f   Thumb Code    18  stm32f10x_tim.o(i.TIM_ITConfig)
    TIM_SetCounter                           0x08002a71   Thumb Code     4  stm32f10x_tim.o(i.TIM_SetCounter)
    TIM_TimeBaseInit                         0x08002a75   Thumb Code   122  stm32f10x_tim.o(i.TIM_TimeBaseInit)
    USART1_IRQHandler                        0x08002b19   Thumb Code   122  usart.o(i.USART1_IRQHandler)
    USART3_IRQHandler                        0x08002ba1   Thumb Code   136  stm32f10x_it.o(i.USART3_IRQHandler)
    USART_Cmd                                0x08002c41   Thumb Code    24  stm32f10x_usart.o(i.USART_Cmd)
    USART_GetFlagStatus                      0x08002c59   Thumb Code    26  stm32f10x_usart.o(i.USART_GetFlagStatus)
    USART_GetITStatus                        0x08002c73   Thumb Code    84  stm32f10x_usart.o(i.USART_GetITStatus)
    USART_ITConfig                           0x08002cc7   Thumb Code    74  stm32f10x_usart.o(i.USART_ITConfig)
    USART_Init                               0x08002d11   Thumb Code   210  stm32f10x_usart.o(i.USART_Init)
    USART_ReceiveData                        0x08002de9   Thumb Code    10  stm32f10x_usart.o(i.USART_ReceiveData)
    USART_SendData                           0x08002df3   Thumb Code     8  stm32f10x_usart.o(i.USART_SendData)
    USART_printf                             0x08002dfb   Thumb Code   276  common.o(i.USART_printf)
    UsageFault_Handler                       0x08002f0f   Thumb Code     4  stm32f10x_it.o(i.UsageFault_Handler)
    UserLEDInit                              0x08002f15   Thumb Code    38  interface.o(i.UserLEDInit)
    __0printf                                0x08002f41   Thumb Code    22  printfa.o(i.__0printf)
    __1printf                                0x08002f41   Thumb Code     0  printfa.o(i.__0printf)
    __2printf                                0x08002f41   Thumb Code     0  printfa.o(i.__0printf)
    __c89printf                              0x08002f41   Thumb Code     0  printfa.o(i.__0printf)
    printf                                   0x08002f41   Thumb Code     0  printfa.o(i.__0printf)
    __0snprintf                              0x08002f61   Thumb Code    48  printfa.o(i.__0snprintf)
    __1snprintf                              0x08002f61   Thumb Code     0  printfa.o(i.__0snprintf)
    __2snprintf                              0x08002f61   Thumb Code     0  printfa.o(i.__0snprintf)
    __c89snprintf                            0x08002f61   Thumb Code     0  printfa.o(i.__0snprintf)
    snprintf                                 0x08002f61   Thumb Code     0  printfa.o(i.__0snprintf)
    __0sprintf                               0x08002f95   Thumb Code    34  printfa.o(i.__0sprintf)
    __1sprintf                               0x08002f95   Thumb Code     0  printfa.o(i.__0sprintf)
    __2sprintf                               0x08002f95   Thumb Code     0  printfa.o(i.__0sprintf)
    __c89sprintf                             0x08002f95   Thumb Code     0  printfa.o(i.__0sprintf)
    sprintf                                  0x08002f95   Thumb Code     0  printfa.o(i.__0sprintf)
    __ARM_fpclassify                         0x08002fbd   Thumb Code    40  fpclassify.o(i.__ARM_fpclassify)
    __kernel_poly                            0x08002fe5   Thumb Code   170  poly.o(i.__kernel_poly)
    __mathlib_dbl_divzero                    0x08003091   Thumb Code    12  dunder.o(i.__mathlib_dbl_divzero)
    __mathlib_dbl_infnan2                    0x080030a1   Thumb Code     4  dunder.o(i.__mathlib_dbl_infnan2)
    __mathlib_dbl_invalid                    0x080030a5   Thumb Code    12  dunder.o(i.__mathlib_dbl_invalid)
    __mathlib_dbl_overflow                   0x080030b1   Thumb Code    14  dunder.o(i.__mathlib_dbl_overflow)
    __mathlib_dbl_underflow                  0x080030c1   Thumb Code    10  dunder.o(i.__mathlib_dbl_underflow)
    __scatterload_copy                       0x080030d1   Thumb Code    14  handlers.o(i.__scatterload_copy)
    __scatterload_null                       0x080030df   Thumb Code     2  handlers.o(i.__scatterload_null)
    __scatterload_zeroinit                   0x080030e1   Thumb Code    14  handlers.o(i.__scatterload_zeroinit)
    __set_errno                              0x080030f1   Thumb Code     6  errno.o(i.__set_errno)
    amg88xx_readPixels                       0x080039a7   Thumb Code    92  amg8833.o(i.amg88xx_readPixels)
    delay_init                               0x08003a03   Thumb Code    18  interface.o(i.delay_init)
    format_pix_temp_to_json                  0x08003a15   Thumb Code   162  amg8833.o(i.format_pix_temp_to_json)
    fputc                                    0x08003acd   Thumb Code    24  usart.o(i.fputc)
    main                                     0x08003b4d   Thumb Code   928  main.o(i.main)
    pow                                      0x08003ff1   Thumb Code  2512  pow.o(i.pow)
    signedMag12ToFloat                       0x080049c9   Thumb Code    24  amg8833.o(i.signedMag12ToFloat)
    sqrt                                     0x080049e1   Thumb Code    76  sqrt.o(i.sqrt)
    uart_debug                               0x08004a2d   Thumb Code   150  function.o(i.uart_debug)
    uart_init                                0x08004ba5   Thumb Code   152  usart.o(i.uart_init)
    __mathlib_zero                           0x08004d10   Data           8  qnan.o(.constdata)
    Region$$Table$$Base                      0x08004dbc   Number         0  anon$$obj.o(Region$$Table)
    Region$$Table$$Limit                     0x08004ddc   Number         0  anon$$obj.o(Region$$Table)
    speed_count                              0x20000000   Data           4  main.o(.data)
    front_right_speed_duty                   0x20000004   Data           1  main.o(.data)
    behind_left_speed_duty                   0x20000005   Data           1  main.o(.data)
    tick_5ms                                 0x20000006   Data           1  main.o(.data)
    tick_1ms                                 0x20000007   Data           1  main.o(.data)
    tick_200ms                               0x20000008   Data           1  main.o(.data)
    ctrl_comm                                0x20000009   Data           1  main.o(.data)
    ctrl_comm_last                           0x2000000a   Data           1  main.o(.data)
    continue_time                            0x2000000b   Data           1  main.o(.data)
    bt_rec_flag                              0x2000000c   Data           1  main.o(.data)
    human_absent_start_ms                    0x20000010   Data           4  main.o(.data)
    human_absent_stable                      0x20000014   Data           1  main.o(.data)
    high_temp_confirm                        0x20000015   Data           1  main.o(.data)
    alarm_active                             0x20000016   Data           1  main.o(.data)
    smoke_confirm                            0x20000017   Data           1  main.o(.data)
    smoke_stable                             0x20000018   Data           1  main.o(.data)
    smoke_clear_confirm                      0x20000019   Data           1  main.o(.data)
    ir_rec_flag                              0x2000002e   Data           1  irctrol.o(.data)
    IRCOM                                    0x2000002f   Data           4  irctrol.o(.data)
    system_ms                                0x20000034   Data           4  stm32f10x_it.o(.data)
    __stdout                                 0x20000038   Data           4  usart.o(.data)
    USART_RX_STA                             0x2000003c   Data           2  usart.o(.data)
    ADC_ConvertedValue                       0x20000040   Data           2  bsp_mq2.o(.data)
    vrl                                      0x20000044   Data           4  bsp_mq2.o(.data)
    Rs                                       0x20000048   Data           4  bsp_mq2.o(.data)
    ppm                                      0x2000004c   Data           4  bsp_mq2.o(.data)
    ucTcpClosedFlag                          0x20000050   Data           1  bsp_esp8266_test.o(.data)
    json_buffer                              0x2000006c   Data        1024  main.o(.bss)
    sensor_data                              0x2000046c   Data          40  main.o(.bss)
    USART_RX_BUF                             0x20000494   Data         200  usart.o(.bss)
    humiture                                 0x2000055c   Data          16  sht30.o(.bss)
    humiture_buff1                           0x2000056c   Data          20  sht30.o(.bss)
    humiture_buff2                           0x20000580   Data          20  sht30.o(.bss)
    strEsp8266_Fram_Record                   0x20000594   Data        1026  bsp_esp8266.o(.bss)
    strUSART_Fram_Record                     0x20000996   Data        1026  bsp_esp8266.o(.bss)
    __initial_sp                             0x20001198   Data           0  startup_stm32f10x_hd.o(STACK)



==============================================================================

Memory Map of the image

  Image Entry point : 0x08000149

  Load Region LR_1 (Base: 0x08000000, Size: 0x00004e48, Max: 0xffffffff, ABSOLUTE)

    Execution Region ER_RO (Exec base: 0x08000000, Load base: 0x08000000, Size: 0x00004ddc, Max: 0xffffffff, ABSOLUTE)

    Exec Addr    Load Addr    Size         Type   Attr      Idx    E Section Name        Object

    0x08000000   0x08000000   0x00000130   Data   RO         3198    RESET               startup_stm32f10x_hd.o
    0x08000130   0x08000130   0x00000000   Code   RO         4251  * .ARM.Collect$$$$00000000  mc_w.l(entry.o)
    0x08000130   0x08000130   0x00000004   Code   RO         4576    .ARM.Collect$$$$00000001  mc_w.l(entry2.o)
    0x08000134   0x08000134   0x00000004   Code   RO         4579    .ARM.Collect$$$$00000004  mc_w.l(entry5.o)
    0x08000138   0x08000138   0x00000000   Code   RO         4581    .ARM.Collect$$$$00000008  mc_w.l(entry7b.o)
    0x08000138   0x08000138   0x00000000   Code   RO         4583    .ARM.Collect$$$$0000000A  mc_w.l(entry8b.o)
    0x08000138   0x08000138   0x00000008   Code   RO         4584    .ARM.Collect$$$$0000000B  mc_w.l(entry9a.o)
    0x08000140   0x08000140   0x00000004   Code   RO         4591    .ARM.Collect$$$$0000000E  mc_w.l(entry12b.o)
    0x08000144   0x08000144   0x00000000   Code   RO         4586    .ARM.Collect$$$$0000000F  mc_w.l(entry10a.o)
    0x08000144   0x08000144   0x00000000   Code   RO         4588    .ARM.Collect$$$$00000011  mc_w.l(entry11a.o)
    0x08000144   0x08000144   0x00000004   Code   RO         4577    .ARM.Collect$$$$00002712  mc_w.l(entry2.o)
    0x08000148   0x08000148   0x00000024   Code   RO         3199  * .text               startup_stm32f10x_hd.o
    0x0800016c   0x0800016c   0x00000024   Code   RO         4254    .text               mc_w.l(memseta.o)
    0x08000190   0x08000190   0x00000024   Code   RO         4256    .text               mc_w.l(strstr.o)
    0x080001b4   0x080001b4   0x00000012   Code   RO         4258    .text               mc_w.l(strcpy.o)
    0x080001c6   0x080001c6   0x000000b0   Code   RO         4521    .text               mf_w.l(fadd.o)
    0x08000276   0x08000276   0x00000064   Code   RO         4523    .text               mf_w.l(fmul.o)
    0x080002da   0x080002da   0x0000007c   Code   RO         4525    .text               mf_w.l(fdiv.o)
    0x08000356   0x08000356   0x0000014e   Code   RO         4527    .text               mf_w.l(dadd.o)
    0x080004a4   0x080004a4   0x000000e4   Code   RO         4529    .text               mf_w.l(dmul.o)
    0x08000588   0x08000588   0x000000de   Code   RO         4531    .text               mf_w.l(ddiv.o)
    0x08000666   0x08000666   0x00000012   Code   RO         4533    .text               mf_w.l(fflti.o)
    0x08000678   0x08000678   0x0000000a   Code   RO         4535    .text               mf_w.l(ffltui.o)
    0x08000682   0x08000682   0x00000022   Code   RO         4537    .text               mf_w.l(dflti.o)
    0x080006a4   0x080006a4   0x00000026   Code   RO         4541    .text               mf_w.l(f2d.o)
    0x080006ca   0x080006ca   0x00000038   Code   RO         4543    .text               mf_w.l(d2f.o)
    0x08000702   0x08000702   0x00000002   PAD
    0x08000704   0x08000704   0x00000014   Code   RO         4545    .text               mf_w.l(cfcmple.o)
    0x08000718   0x08000718   0x00000014   Code   RO         4547    .text               mf_w.l(cfrcmple.o)
    0x0800072c   0x0800072c   0x0000002c   Code   RO         4592    .text               mc_w.l(uidiv.o)
    0x08000758   0x08000758   0x00000062   Code   RO         4594    .text               mc_w.l(uldiv.o)
    0x080007ba   0x080007ba   0x0000001e   Code   RO         4596    .text               mc_w.l(llshl.o)
    0x080007d8   0x080007d8   0x00000024   Code   RO         4598    .text               mc_w.l(llsshr.o)
    0x080007fc   0x080007fc   0x00000000   Code   RO         4607    .text               mc_w.l(iusefp.o)
    0x080007fc   0x080007fc   0x0000006e   Code   RO         4608    .text               mf_w.l(fepilogue.o)
    0x0800086a   0x0800086a   0x000000ba   Code   RO         4610    .text               mf_w.l(depilogue.o)
    0x08000924   0x08000924   0x0000002e   Code   RO         4612    .text               mf_w.l(dscalb.o)
    0x08000952   0x08000952   0x00000030   Code   RO         4614    .text               mf_w.l(dfixul.o)
    0x08000982   0x08000982   0x00000002   PAD
    0x08000984   0x08000984   0x00000030   Code   RO         4616    .text               mf_w.l(cdrcmple.o)
    0x080009b4   0x080009b4   0x00000024   Code   RO         4618    .text               mc_w.l(init.o)
    0x080009d8   0x080009d8   0x00000020   Code   RO         4620    .text               mc_w.l(llushr.o)
    0x080009f8   0x080009f8   0x000000a2   Code   RO         4622    .text               mf_w.l(dsqrt.o)
    0x08000a9a   0x08000a9a   0x00000002   PAD
    0x08000a9c   0x08000a9c   0x00000030   Code   RO         3732    i.ADC1_2_IRQHandler  bsp_mq2.o
    0x08000acc   0x08000acc   0x0000000a   Code   RO          551    i.ADC_ClearITPendingBit  stm32f10x_adc.o
    0x08000ad6   0x08000ad6   0x00000016   Code   RO          552    i.ADC_Cmd           stm32f10x_adc.o
    0x08000aec   0x08000aec   0x00000014   Code   RO          560    i.ADC_GetCalibrationStatus  stm32f10x_adc.o
    0x08000b00   0x08000b00   0x00000008   Code   RO          561    i.ADC_GetConversionValue  stm32f10x_adc.o
    0x08000b08   0x08000b08   0x00000024   Code   RO          564    i.ADC_GetITStatus   stm32f10x_adc.o
    0x08000b2c   0x08000b2c   0x00000014   Code   RO          566    i.ADC_GetResetCalibrationStatus  stm32f10x_adc.o
    0x08000b40   0x08000b40   0x00000018   Code   RO          569    i.ADC_ITConfig      stm32f10x_adc.o
    0x08000b58   0x08000b58   0x00000050   Code   RO          570    i.ADC_Init          stm32f10x_adc.o
    0x08000ba8   0x08000ba8   0x000000b8   Code   RO          574    i.ADC_RegularChannelConfig  stm32f10x_adc.o
    0x08000c60   0x08000c60   0x0000000a   Code   RO          575    i.ADC_ResetCalibration  stm32f10x_adc.o
    0x08000c6a   0x08000c6a   0x00000016   Code   RO          577    i.ADC_SoftwareStartConvCmd  stm32f10x_adc.o
    0x08000c80   0x08000c80   0x0000000a   Code   RO          579    i.ADC_StartCalibration  stm32f10x_adc.o
    0x08000c8a   0x08000c8a   0x00000002   PAD
    0x08000c8c   0x08000c8c   0x0000005c   Code   RO         4046    i.AMG8833_IIC_Init  amg_iic.o
    0x08000ce8   0x08000ce8   0x00000026   Code   RO         4127    i.AMG8833_Init      amg8833.o
    0x08000d0e   0x08000d0e   0x0000006e   Code   RO         4047    i.AMG_I2C_Read_nByte  amg_iic.o
    0x08000d7c   0x08000d7c   0x00000050   Code   RO         4049    i.AMG_IIC_Ack       amg_iic.o
    0x08000dcc   0x08000dcc   0x00000050   Code   RO         4050    i.AMG_IIC_NAck      amg_iic.o
    0x08000e1c   0x08000e1c   0x0000007c   Code   RO         4052    i.AMG_IIC_Read_Byte  amg_iic.o
    0x08000e98   0x08000e98   0x00000074   Code   RO         4053    i.AMG_IIC_Send_Byte  amg_iic.o
    0x08000f0c   0x08000f0c   0x0000004c   Code   RO         4054    i.AMG_IIC_Start     amg_iic.o
    0x08000f58   0x08000f58   0x0000004c   Code   RO         4055    i.AMG_IIC_Stop      amg_iic.o
    0x08000fa4   0x08000fa4   0x00000064   Code   RO         4056    i.AMG_IIC_Wait_Ack  amg_iic.o
    0x08001008   0x08001008   0x00000042   Code   RO         4057    i.AMG_IIC_Write_1Byte  amg_iic.o
    0x0800104a   0x0800104a   0x00000002   PAD
    0x0800104c   0x0800104c   0x00000034   Code   RO         4166    i.BEEP_GPIO_Config  bsp_beep.o
    0x08001080   0x08001080   0x000000a0   Code   RO         4167    i.BEEP_IRQHandler   bsp_beep.o
    0x08001120   0x08001120   0x00000058   Code   RO         4168    i.BEEP_StartAlarm   bsp_beep.o
    0x08001178   0x08001178   0x00000028   Code   RO         4169    i.BEEP_StopAlarm    bsp_beep.o
    0x080011a0   0x080011a0   0x00000004   Code   RO         3471    i.BusFault_Handler  stm32f10x_it.o
    0x080011a4   0x080011a4   0x00000154   Code   RO         3402    i.CarMove           motor.o
    0x080012f8   0x080012f8   0x00000014   Code   RO         3404    i.CarStop           motor.o
    0x0800130c   0x0800130c   0x00000002   Code   RO         3473    i.DebugMon_Handler  stm32f10x_it.o
    0x0800130e   0x0800130e   0x00000018   Code   RO         3356    i.DelayIr           irctrol.o
    0x08001326   0x08001326   0x00000002   PAD
    0x08001328   0x08001328   0x00000034   Code   RO         3357    i.DelayUs           irctrol.o
    0x0800135c   0x0800135c   0x00000030   Code   RO         3203    i.Delay_us          interface.o
    0x0800138c   0x0800138c   0x00000018   Code   RO         3204    i.Delayms           interface.o
    0x080013a4   0x080013a4   0x000000a0   Code   RO         3875    i.ESP8266_AT_Test   bsp_esp8266.o
    0x08001444   0x08001444   0x000000d8   Code   RO         3877    i.ESP8266_Cmd       bsp_esp8266.o
    0x0800151c   0x0800151c   0x00000040   Code   RO         3879    i.ESP8266_Enable_MultipleId  bsp_esp8266.o
    0x0800155c   0x0800155c   0x00000040   Code   RO         3881    i.ESP8266_GPIO_Config  bsp_esp8266.o
    0x0800159c   0x0800159c   0x00000020   Code   RO         3884    i.ESP8266_Init      bsp_esp8266.o
    0x080015bc   0x080015bc   0x00000040   Code   RO         3886    i.ESP8266_JoinAP    bsp_esp8266.o
    0x080015fc   0x080015fc   0x000000c0   Code   RO         3887    i.ESP8266_Link_Server  bsp_esp8266.o
    0x080016bc   0x080016bc   0x00000078   Code   RO         3888    i.ESP8266_Net_Mode_Choose  bsp_esp8266.o
    0x08001734   0x08001734   0x00000020   Code   RO         3890    i.ESP8266_Rst       bsp_esp8266.o
    0x08001754   0x08001754   0x000001f0   Code   RO         4012    i.ESP8266_StaTcpClient_Unvarnish_ConfigTest  bsp_esp8266_test.o
    0x08001944   0x08001944   0x00000018   Code   RO         4013    i.ESP8266_TransparentSend  bsp_esp8266_test.o
    0x0800195c   0x0800195c   0x0000009c   Code   RO         3893    i.ESP8266_USART_Config  bsp_esp8266.o
    0x080019f8   0x080019f8   0x00000028   Code   RO         3894    i.ESP8266_USART_NVIC_Configuration  bsp_esp8266.o
    0x08001a20   0x08001a20   0x0000004c   Code   RO         3895    i.ESP8266_UnvarnishSend  bsp_esp8266.o
    0x08001a6c   0x08001a6c   0x0000001a   Code   RO         3474    i.EXTI15_10_IRQHandler  stm32f10x_it.o
    0x08001a86   0x08001a86   0x00000002   PAD
    0x08001a88   0x08001a88   0x0000000c   Code   RO         1302    i.EXTI_ClearITPendingBit  stm32f10x_exti.o
    0x08001a94   0x08001a94   0x00000028   Code   RO         1306    i.EXTI_GetITStatus  stm32f10x_exti.o
    0x08001abc   0x08001abc   0x0000003c   Code   RO         3205    i.GPIOCLKInit       interface.o
    0x08001af8   0x08001af8   0x00000116   Code   RO          180    i.GPIO_Init         stm32f10x_gpio.o
    0x08001c0e   0x08001c0e   0x00000012   Code   RO          184    i.GPIO_ReadInputDataBit  stm32f10x_gpio.o
    0x08001c20   0x08001c20   0x00000012   Code   RO          186    i.GPIO_ReadOutputDataBit  stm32f10x_gpio.o
    0x08001c32   0x08001c32   0x00000004   Code   RO          187    i.GPIO_ResetBits    stm32f10x_gpio.o
    0x08001c36   0x08001c36   0x00000004   Code   RO          188    i.GPIO_SetBits      stm32f10x_gpio.o
    0x08001c3a   0x08001c3a   0x0000000a   Code   RO          191    i.GPIO_WriteBit     stm32f10x_gpio.o
    0x08001c44   0x08001c44   0x00000004   Code   RO         3475    i.HardFault_Handler  stm32f10x_it.o
    0x08001c48   0x08001c48   0x00000054   Code   RO         3787    i.IIC_ACK           sht30.o
    0x08001c9c   0x08001c9c   0x00000054   Code   RO         3788    i.IIC_NACK          sht30.o
    0x08001cf0   0x08001cf0   0x0000006c   Code   RO         3789    i.IIC_RcvByte       sht30.o
    0x08001d5c   0x08001d5c   0x00000078   Code   RO         3790    i.IIC_SendByte      sht30.o
    0x08001dd4   0x08001dd4   0x00000048   Code   RO         3791    i.IIC_Start         sht30.o
    0x08001e1c   0x08001e1c   0x00000048   Code   RO         3792    i.IIC_Stop          sht30.o
    0x08001e64   0x08001e64   0x00000094   Code   RO         3793    i.IIC_wait_ACK      sht30.o
    0x08001ef8   0x08001ef8   0x0000012c   Code   RO         3359    i.IRIntIsr          irctrol.o
    0x08002024   0x08002024   0x00000028   Code   RO         3624    i.LD2412_Init       ld2412.o
    0x0800204c   0x0800204c   0x00000034   Code   RO         3625    i.LD2412_Read       ld2412.o
    0x08002080   0x08002080   0x00000090   Code   RO         3733    i.MQ2_ADC_Mode_Config  bsp_mq2.o
    0x08002110   0x08002110   0x00000026   Code   RO         3734    i.MQ2_ADC_NVIC_Config  bsp_mq2.o
    0x08002136   0x08002136   0x00000002   PAD
    0x08002138   0x08002138   0x00000044   Code   RO         3735    i.MQ2_GPIO_Config   bsp_mq2.o
    0x0800217c   0x0800217c   0x000000d4   Code   RO         3736    i.MQ2_Get_PPM       bsp_mq2.o
    0x08002250   0x08002250   0x00000010   Code   RO         3737    i.MQ2_Init          bsp_mq2.o
    0x08002260   0x08002260   0x00000004   Code   RO         3476    i.MemManage_Handler  stm32f10x_it.o
    0x08002264   0x08002264   0x00000094   Code   RO         3405    i.MotorGPIO_Configuration  motor.o
    0x080022f8   0x080022f8   0x0000000c   Code   RO         3406    i.MotorInit         motor.o
    0x08002304   0x08002304   0x00000002   Code   RO         3477    i.NMI_Handler       stm32f10x_it.o
    0x08002306   0x08002306   0x00000002   PAD
    0x08002308   0x08002308   0x00000070   Code   RO          510    i.NVIC_Init         misc.o
    0x08002378   0x08002378   0x00000014   Code   RO          511    i.NVIC_PriorityGroupConfig  misc.o
    0x0800238c   0x0800238c   0x00000020   Code   RO         3207    i.NVIC_TIM2Configuration  interface.o
    0x080023ac   0x080023ac   0x00000002   Code   RO         3478    i.PendSV_Handler    stm32f10x_it.o
    0x080023ae   0x080023ae   0x00000002   PAD
    0x080023b0   0x080023b0   0x00000018   Code   RO          310    i.RCC_ADCCLKConfig  stm32f10x_rcc.o
    0x080023c8   0x080023c8   0x00000020   Code   RO          312    i.RCC_APB1PeriphClockCmd  stm32f10x_rcc.o
    0x080023e8   0x080023e8   0x00000020   Code   RO          314    i.RCC_APB2PeriphClockCmd  stm32f10x_rcc.o
    0x08002408   0x08002408   0x000000d4   Code   RO          322    i.RCC_GetClocksFreq  stm32f10x_rcc.o
    0x080024dc   0x080024dc   0x00000090   Code   RO         3208    i.RedRayInit        interface.o
    0x0800256c   0x0800256c   0x00000048   Code   RO         3794    i.SHT30_Init        sht30.o
    0x080025b4   0x080025b4   0x000001cc   Code   RO         3795    i.SHT30_read_result  sht30.o
    0x08002780   0x08002780   0x00000002   Code   RO         3479    i.SVC_Handler       stm32f10x_it.o
    0x08002782   0x08002782   0x00000002   PAD
    0x08002784   0x08002784   0x0000002c   Code   RO         3209    i.ServoInit         interface.o
    0x080027b0   0x080027b0   0x00000008   Code   RO         3162    i.SetSysClock       system_stm32f10x.o
    0x080027b8   0x080027b8   0x000000e0   Code   RO         3163    i.SetSysClockTo72   system_stm32f10x.o
    0x08002898   0x08002898   0x00000002   Code   RO         3480    i.SysTick_Handler   stm32f10x_it.o
    0x0800289a   0x0800289a   0x00000002   PAD
    0x0800289c   0x0800289c   0x00000054   Code   RO         3165    i.SystemInit        system_stm32f10x.o
    0x080028f0   0x080028f0   0x0000006c   Code   RO         3481    i.TIM2_IRQHandler   stm32f10x_it.o
    0x0800295c   0x0800295c   0x0000004a   Code   RO         3210    i.TIM2_Init         interface.o
    0x080029a6   0x080029a6   0x00000008   Code   RO         3482    i.TIM3_IRQHandler   stm32f10x_it.o
    0x080029ae   0x080029ae   0x00000002   PAD
    0x080029b0   0x080029b0   0x00000068   Code   RO         4170    i.TIM3_Init         bsp_beep.o
    0x08002a18   0x08002a18   0x00000006   Code   RO         2380    i.TIM_ClearITPendingBit  stm32f10x_tim.o
    0x08002a1e   0x08002a1e   0x00000018   Code   RO         2385    i.TIM_Cmd           stm32f10x_tim.o
    0x08002a36   0x08002a36   0x00000006   Code   RO         2404    i.TIM_GetCounter    stm32f10x_tim.o
    0x08002a3c   0x08002a3c   0x00000022   Code   RO         2406    i.TIM_GetITStatus   stm32f10x_tim.o
    0x08002a5e   0x08002a5e   0x00000012   Code   RO         2410    i.TIM_ITConfig      stm32f10x_tim.o
    0x08002a70   0x08002a70   0x00000004   Code   RO         2450    i.TIM_SetCounter    stm32f10x_tim.o
    0x08002a74   0x08002a74   0x000000a4   Code   RO         2456    i.TIM_TimeBaseInit  stm32f10x_tim.o
    0x08002b18   0x08002b18   0x00000088   Code   RO         3648    i.USART1_IRQHandler  usart.o
    0x08002ba0   0x08002ba0   0x000000a0   Code   RO         3483    i.USART3_IRQHandler  stm32f10x_it.o
    0x08002c40   0x08002c40   0x00000018   Code   RO         2921    i.USART_Cmd         stm32f10x_usart.o
    0x08002c58   0x08002c58   0x0000001a   Code   RO         2924    i.USART_GetFlagStatus  stm32f10x_usart.o
    0x08002c72   0x08002c72   0x00000054   Code   RO         2925    i.USART_GetITStatus  stm32f10x_usart.o
    0x08002cc6   0x08002cc6   0x0000004a   Code   RO         2927    i.USART_ITConfig    stm32f10x_usart.o
    0x08002d10   0x08002d10   0x000000d8   Code   RO         2928    i.USART_Init        stm32f10x_usart.o
    0x08002de8   0x08002de8   0x0000000a   Code   RO         2935    i.USART_ReceiveData  stm32f10x_usart.o
    0x08002df2   0x08002df2   0x00000008   Code   RO         2938    i.USART_SendData    stm32f10x_usart.o
    0x08002dfa   0x08002dfa   0x00000114   Code   RO         3855    i.USART_printf      common.o
    0x08002f0e   0x08002f0e   0x00000004   Code   RO         3484    i.UsageFault_Handler  stm32f10x_it.o
    0x08002f12   0x08002f12   0x00000002   PAD
    0x08002f14   0x08002f14   0x0000002c   Code   RO         3211    i.UserLEDInit       interface.o
    0x08002f40   0x08002f40   0x00000020   Code   RO         4493    i.__0printf         mc_w.l(printfa.o)
    0x08002f60   0x08002f60   0x00000034   Code   RO         4494    i.__0snprintf       mc_w.l(printfa.o)
    0x08002f94   0x08002f94   0x00000028   Code   RO         4495    i.__0sprintf        mc_w.l(printfa.o)
    0x08002fbc   0x08002fbc   0x00000028   Code   RO         4563    i.__ARM_fpclassify  m_ws.l(fpclassify.o)
    0x08002fe4   0x08002fe4   0x000000aa   Code   RO         4565    i.__kernel_poly     m_ws.l(poly.o)
    0x0800308e   0x0800308e   0x00000002   PAD
    0x08003090   0x08003090   0x00000010   Code   RO         4549    i.__mathlib_dbl_divzero  m_ws.l(dunder.o)
    0x080030a0   0x080030a0   0x00000004   Code   RO         4551    i.__mathlib_dbl_infnan2  m_ws.l(dunder.o)
    0x080030a4   0x080030a4   0x0000000c   Code   RO         4552    i.__mathlib_dbl_invalid  m_ws.l(dunder.o)
    0x080030b0   0x080030b0   0x0000000e   Code   RO         4553    i.__mathlib_dbl_overflow  m_ws.l(dunder.o)
    0x080030be   0x080030be   0x00000002   PAD
    0x080030c0   0x080030c0   0x00000010   Code   RO         4555    i.__mathlib_dbl_underflow  m_ws.l(dunder.o)
    0x080030d0   0x080030d0   0x0000000e   Code   RO         4628    i.__scatterload_copy  mc_w.l(handlers.o)
    0x080030de   0x080030de   0x00000002   Code   RO         4629    i.__scatterload_null  mc_w.l(handlers.o)
    0x080030e0   0x080030e0   0x0000000e   Code   RO         4630    i.__scatterload_zeroinit  mc_w.l(handlers.o)
    0x080030ee   0x080030ee   0x00000002   PAD
    0x080030f0   0x080030f0   0x0000000c   Code   RO         4602    i.__set_errno       mc_w.l(errno.o)
    0x080030fc   0x080030fc   0x00000184   Code   RO         4500    i._fp_digits        mc_w.l(printfa.o)
    0x08003280   0x08003280   0x000006b4   Code   RO         4501    i._printf_core      mc_w.l(printfa.o)
    0x08003934   0x08003934   0x00000024   Code   RO         4502    i._printf_post_padding  mc_w.l(printfa.o)
    0x08003958   0x08003958   0x0000002e   Code   RO         4503    i._printf_pre_padding  mc_w.l(printfa.o)
    0x08003986   0x08003986   0x00000016   Code   RO         4504    i._snputc           mc_w.l(printfa.o)
    0x0800399c   0x0800399c   0x0000000a   Code   RO         4505    i._sputc            mc_w.l(printfa.o)
    0x080039a6   0x080039a6   0x0000005c   Code   RO         4129    i.amg88xx_readPixels  amg8833.o
    0x08003a02   0x08003a02   0x00000012   Code   RO         3212    i.delay_init        interface.o
    0x08003a14   0x08003a14   0x000000b8   Code   RO         4130    i.format_pix_temp_to_json  amg8833.o
    0x08003acc   0x08003acc   0x0000001c   Code   RO         3650    i.fputc             usart.o
    0x08003ae8   0x08003ae8   0x00000064   Code   RO         3856    i.itoa              common.o
    0x08003b4c   0x08003b4c   0x000004a4   Code   RO            1    i.main              main.o
    0x08003ff0   0x08003ff0   0x000009d8   Code   RO         4242    i.pow               m_ws.l(pow.o)
    0x080049c8   0x080049c8   0x00000018   Code   RO         4131    i.signedMag12ToFloat  amg8833.o
    0x080049e0   0x080049e0   0x0000004c   Code   RO         4569    i.sqrt              m_ws.l(sqrt.o)
    0x08004a2c   0x08004a2c   0x00000178   Code   RO         4209    i.uart_debug        function.o
    0x08004ba4   0x08004ba4   0x000000a0   Code   RO         3651    i.uart_init         usart.o
    0x08004c44   0x08004c44   0x00000040   Code   RO         4171    i.update_half_period_ticks  bsp_beep.o
    0x08004c84   0x08004c84   0x00000004   PAD
    0x08004c88   0x08004c88   0x00000088   Data   RO         4243    .constdata          m_ws.l(pow.o)
    0x08004d10   0x08004d10   0x00000008   Data   RO         4567    .constdata          m_ws.l(qnan.o)
    0x08004d18   0x08004d18   0x000000a1   Data   RO            3    .conststring        main.o
    0x08004db9   0x08004db9   0x00000003   PAD
    0x08004dbc   0x08004dbc   0x00000020   Data   RO         4626    Region$$Table       anon$$obj.o


    Execution Region ER_RW (Exec base: 0x20000000, Load base: 0x08004ddc, Size: 0x0000006c, Max: 0xffffffff, ABSOLUTE)

    Exec Addr    Load Addr    Size         Type   Attr      Idx    E Section Name        Object

    0x20000000   0x08004ddc   0x0000001a   Data   RW            4    .data               main.o
    0x2000001a   0x08004df6   0x00000014   Data   RW          342    .data               stm32f10x_rcc.o
    0x2000002e   0x08004e0a   0x00000005   Data   RW         3361    .data               irctrol.o
    0x20000033   0x08004e0f   0x00000001   PAD
    0x20000034   0x08004e10   0x00000004   Data   RW         3485    .data               stm32f10x_it.o
    0x20000038   0x08004e14   0x00000006   Data   RW         3653    .data               usart.o
    0x2000003e   0x08004e1a   0x00000002   PAD
    0x20000040   0x08004e1c   0x00000010   Data   RW         3739    .data               bsp_mq2.o
    0x20000050   0x08004e2c   0x00000001   Data   RW         4014    .data               bsp_esp8266_test.o
    0x20000051   0x08004e2d   0x00000003   PAD
    0x20000054   0x08004e30   0x00000012   Data   RW         4172    .data               bsp_beep.o
    0x20000066   0x08004e42   0x00000002   PAD
    0x20000068   0x08004e44   0x00000004   Data   RW         4603    .data               mc_w.l(errno.o)


    Execution Region ER_ZI (Exec base: 0x2000006c, Load base: 0x08004e48, Size: 0x0000112c, Max: 0xffffffff, ABSOLUTE)

    Exec Addr    Load Addr    Size         Type   Attr      Idx    E Section Name        Object

    0x2000006c        -       0x00000428   Zero   RW            2    .bss                main.o
    0x20000494        -       0x000000c8   Zero   RW         3652    .bss                usart.o
    0x2000055c        -       0x00000038   Zero   RW         3796    .bss                sht30.o
    0x20000594        -       0x00000804   Zero   RW         3896    .bss                bsp_esp8266.o
    0x20000d98        -       0x00000400   Zero   RW         3196    STACK               startup_stm32f10x_hd.o


==============================================================================

Image component sizes


      Code (inc. data)   RO Data    RW Data    ZI Data      Debug   Object Name

       338         22          0          0          0       2743   amg8833.o
       920         96          0          0          0       6377   amg_iic.o
       508         96          0         18          0       3512   bsp_beep.o
      1216        344          0          0       2052      10112   bsp_esp8266.o
       520        326          0          1          0       2032   bsp_esp8266_test.o
       526         70          0         16          0       3881   bsp_mq2.o
       376          0          0          0          0       2707   common.o
         0          0          0          0          0         32   core_cm3.o
       376        226          0          0          0        569   function.o
       488         20          0          0          0       4639   interface.o
       376         26          0          5          0       2559   irctrol.o
        92         12          0          0          0       1148   ld2412.o
      1188        260        161         26       1064     256158   main.o
       132         22          0          0          0       1795   misc.o
       520         44          0          0          0       2106   motor.o
      1220        164          0          0         56       6904   sht30.o
        36          8        304          0       1024        832   startup_stm32f10x_hd.o
       446         10          0          0          0      10366   stm32f10x_adc.o
        52         12          0          0          0       1292   stm32f10x_exti.o
       332          0          0          0          0     219161   stm32f10x_gpio.o
       328         40          0          4          0       7089   stm32f10x_it.o
       300         38          0         20          0       5469   stm32f10x_rcc.o
       256         42          0          0          0       5276   stm32f10x_tim.o
       442          6          0          0          0       6821   stm32f10x_usart.o
       316         24          0          0          0       2077   system_stm32f10x.o
       324         26          0          6        200       3760   usart.o

    ----------------------------------------------------------------------
     11654       1938        500        104       4396     569417   Object Totals
         0          0         32          0          0          0   (incl. Generated)
        26          4          3          8          0          0   (incl. Padding)

    ----------------------------------------------------------------------

      Code (inc. data)   RO Data    RW Data    ZI Data      Debug   Library Member Name

        62         10          0          0          0        340   dunder.o
        40          0          0          0          0         68   fpclassify.o
       170          0          0          0          0         96   poly.o
      2520        190        136          0          0        324   pow.o
         0          0          8          0          0          0   qnan.o
        76          0          0          0          0         84   sqrt.o
         0          0          0          0          0          0   entry.o
         0          0          0          0          0          0   entry10a.o
         0          0          0          0          0          0   entry11a.o
         4          0          0          0          0          0   entry12b.o
         8          4          0          0          0          0   entry2.o
         4          0          0          0          0          0   entry5.o
         0          0          0          0          0          0   entry7b.o
         0          0          0          0          0          0   entry8b.o
         8          4          0          0          0          0   entry9a.o
        12          6          0          4          0         68   errno.o
        30          0          0          0          0          0   handlers.o
        36          8          0          0          0         68   init.o
         0          0          0          0          0          0   iusefp.o
        30          0          0          0          0         68   llshl.o
        36          0          0          0          0         68   llsshr.o
        32          0          0          0          0         68   llushr.o
        36          0          0          0          0        108   memseta.o
      2342        100          0          0          0        772   printfa.o
        18          0          0          0          0         68   strcpy.o
        36          0          0          0          0         80   strstr.o
        44          0          0          0          0         80   uidiv.o
        98          0          0          0          0         92   uldiv.o
        48          0          0          0          0         68   cdrcmple.o
        20          0          0          0          0         68   cfcmple.o
        20          0          0          0          0         68   cfrcmple.o
        56          0          0          0          0         88   d2f.o
       334          0          0          0          0        148   dadd.o
       222          0          0          0          0        100   ddiv.o
       186          0          0          0          0        176   depilogue.o
        48          0          0          0          0         68   dfixul.o
        34          0          0          0          0         76   dflti.o
       228          0          0          0          0         96   dmul.o
        46          0          0          0          0         80   dscalb.o
       162          0          0          0          0        100   dsqrt.o
        38          0          0          0          0         68   f2d.o
       176          0          0          0          0        140   fadd.o
       124          0          0          0          0         88   fdiv.o
       110          0          0          0          0        168   fepilogue.o
        18          0          0          0          0         68   fflti.o
        10          0          0          0          0         68   ffltui.o
       100          0          0          0          0         76   fmul.o

    ----------------------------------------------------------------------
      7634        322        144          4          0       4264   Library Totals
        12          0          0          0          0          0   (incl. Padding)

    ----------------------------------------------------------------------

      Code (inc. data)   RO Data    RW Data    ZI Data      Debug   Library Name

      2868        200        144          0          0        912   m_ws.l
      2774        122          0          4          0       1540   mc_w.l
      1980          0          0          0          0       1812   mf_w.l

    ----------------------------------------------------------------------
      7634        322        144          4          0       4264   Library Totals

    ----------------------------------------------------------------------

==============================================================================


      Code (inc. data)   RO Data    RW Data    ZI Data      Debug   

     19288       2260        644        108       4396     564941   Grand Totals
     19288       2260        644        108       4396     564941   ELF Image Totals
     19288       2260        644        108          0          0   ROM Totals

==============================================================================

    Total RO  Size (Code + RO Data)                19932 (  19.46kB)
    Total RW  Size (RW Data + ZI Data)              4504 (   4.40kB)
    Total ROM Size (Code + RO Data + RW Data)      20040 (  19.57kB)

==============================================================================

